Component: Arm Compiler for Embedded 6.22 Tool: armlink [5ee90200]

==============================================================================

Section Cross References

    main.o(.text.main) refers to gpio.o(.text.EduBase_LEDs_Init) for EduBase_LEDs_Init
    main.o(.text.main) refers to gpio.o(.text.EduBase_Button_Init) for EduBase_Button_Init
    main.o(.text.main) refers to systick_delay.o(.text.SysTick_Delay_Init) for SysTick_Delay_Init
    main.o(.text.main) refers to seven_segment_display.o(.text.Seven_Segment_Display_Init) for Seven_Segment_Display_Init
    main.o(.text.main) refers to buzzer.o(.text.Buzzer_Init) for Buzzer_Init
    main.o(.text.main) refers to gpio.o(.text.RGB_LED_Init) for RGB_LED_Init
    main.o(.text.main) refers to main.o(.text.Generate_Sequence) for Generate_Sequence
    main.o(.text.main) refers to main.o(.text.Level_Config) for Level_Config
    main.o(.ARM.exidx.text.main) refers to main.o(.text.main) for [Anonymous Symbol]
    main.o(.text.Generate_Sequence) refers to rand.o(.emb_text) for rand
    main.o(.text.Generate_Sequence) refers to main.o(.bss.lv1array) for lv1array
    main.o(.text.Generate_Sequence) refers to main.o(.bss.lv2array) for lv2array
    main.o(.text.Generate_Sequence) refers to main.o(.bss.lv3array) for lv3array
    main.o(.ARM.exidx.text.Generate_Sequence) refers to main.o(.text.Generate_Sequence) for [Anonymous Symbol]
    main.o(.text.Level_Config) refers to main.o(.bss.level) for level
    main.o(.text.Level_Config) refers to seven_segment_display.o(.text.Seven_Segment_Display) for Seven_Segment_Display
    main.o(.text.Level_Config) refers to gpio.o(.rodata.RGB_LED_BLUE) for RGB_LED_BLUE
    main.o(.text.Level_Config) refers to gpio.o(.text.RGB_LED_Output) for RGB_LED_Output
    main.o(.text.Level_Config) refers to main.o(.bss.lv1array) for lv1array
    main.o(.text.Level_Config) refers to main.o(.text.LED_Sound_Link) for LED_Sound_Link
    main.o(.text.Level_Config) refers to systick_delay.o(.text.SysTick_Delay1ms) for SysTick_Delay1ms
    main.o(.text.Level_Config) refers to gpio.o(.rodata.EDUBASE_LED_ALL_OFF) for EDUBASE_LED_ALL_OFF
    main.o(.text.Level_Config) refers to gpio.o(.text.EduBase_LEDs_Output) for EduBase_LEDs_Output
    main.o(.text.Level_Config) refers to main.o(.text.Player_Sequence) for Player_Sequence
    main.o(.text.Level_Config) refers to main.o(.text.Sequence_Check) for Sequence_Check
    main.o(.text.Level_Config) refers to main.o(.bss.lv2array) for lv2array
    main.o(.text.Level_Config) refers to main.o(.bss.lv3array) for lv3array
    main.o(.ARM.exidx.text.Level_Config) refers to main.o(.text.Level_Config) for [Anonymous Symbol]
    main.o(.text.LED_Sound_Link) refers to gpio.o(.text.EduBase_LEDs_Output) for EduBase_LEDs_Output
    main.o(.text.LED_Sound_Link) refers to buzzer.o(.rodata.G4_NOTE) for G4_NOTE
    main.o(.text.LED_Sound_Link) refers to buzzer.o(.text.Play_Note) for Play_Note
    main.o(.text.LED_Sound_Link) refers to buzzer.o(.rodata.A4_NOTE) for A4_NOTE
    main.o(.text.LED_Sound_Link) refers to buzzer.o(.rodata.B4_NOTE) for B4_NOTE
    main.o(.text.LED_Sound_Link) refers to buzzer.o(.rodata.C5_NOTE) for C5_NOTE
    main.o(.text.LED_Sound_Link) refers to gpio.o(.rodata.EDUBASE_LED_ALL_OFF) for EDUBASE_LED_ALL_OFF
    main.o(.ARM.exidx.text.LED_Sound_Link) refers to main.o(.text.LED_Sound_Link) for [Anonymous Symbol]
    main.o(.text.Player_Sequence) refers to main.o(.bss.level) for level
    main.o(.text.Player_Sequence) refers to main.o(.bss.index1) for index1
    main.o(.text.Player_Sequence) refers to gpio.o(.text.Get_EduBase_Button_Status) for Get_EduBase_Button_Status
    main.o(.text.Player_Sequence) refers to main.o(.text.Player_SeqConv) for Player_SeqConv
    main.o(.text.Player_Sequence) refers to main.o(.bss.lv1playerarr) for lv1playerarr
    main.o(.text.Player_Sequence) refers to main.o(.text.LED_Sound_Link) for LED_Sound_Link
    main.o(.text.Player_Sequence) refers to main.o(.bss.index2) for index2
    main.o(.text.Player_Sequence) refers to main.o(.bss.lv2playerarr) for lv2playerarr
    main.o(.text.Player_Sequence) refers to main.o(.bss.index3) for index3
    main.o(.text.Player_Sequence) refers to main.o(.bss.lv3playerarr) for lv3playerarr
    main.o(.ARM.exidx.text.Player_Sequence) refers to main.o(.text.Player_Sequence) for [Anonymous Symbol]
    main.o(.text.Sequence_Check) refers to main.o(.bss.level) for level
    main.o(.text.Sequence_Check) refers to main.o(.bss.lv1array) for lv1array
    main.o(.text.Sequence_Check) refers to main.o(.bss.lv1playerarr) for lv1playerarr
    main.o(.text.Sequence_Check) refers to main.o(.text.LEVEL_FAIL) for LEVEL_FAIL
    main.o(.text.Sequence_Check) refers to main.o(.text.LEVEL_PASS) for LEVEL_PASS
    main.o(.text.Sequence_Check) refers to main.o(.bss.lv2array) for lv2array
    main.o(.text.Sequence_Check) refers to main.o(.bss.lv2playerarr) for lv2playerarr
    main.o(.text.Sequence_Check) refers to main.o(.bss.lv3array) for lv3array
[...]
    main.o(.text.LEVEL_FAIL) refers to systick_delay.o(.text.SysTick_Delay1ms) for SysTick_Delay1ms
    main.o(.text.LEVEL_FAIL) refers to gpio.o(.rodata.RGB_LED_OFF) for RGB_LED_OFF
    main.o(.text.LEVEL_FAIL) refers to gpio.o(.rodata.EDUBASE_LED_ALL_OFF) for EDUBASE_LED_ALL_OFF
    main.o(.text.LEVEL_FAIL) refers to main.o(.text.RESET_GAME) for RESET_GAME
    main.o(.ARM.exidx.text.LEVEL_FAIL) refers to main.o(.text.LEVEL_FAIL) for [Anonymous Symbol]
    main.o(.text.LEVEL_PASS) refers to gpio.o(.rodata.RGB_LED_GREEN) for RGB_LED_GREEN
    main.o(.text.LEVEL_PASS) refers to gpio.o(.text.RGB_LED_Output) for RGB_LED_Output
    main.o(.text.LEVEL_PASS) refers to gpio.o(.text.EduBase_LEDs_Output) for EduBase_LEDs_Output
    main.o(.text.LEVEL_PASS) refers to systick_delay.o(.text.SysTick_Delay1ms) for SysTick_Delay1ms
    main.o(.text.LEVEL_PASS) refers to gpio.o(.rodata.RGB_LED_OFF) for RGB_LED_OFF
    main.o(.text.LEVEL_PASS) refers to gpio.o(.rodata.EDUBASE_LED_ALL_OFF) for EDUBASE_LED_ALL_OFF
    main.o(.text.LEVEL_PASS) refers to main.o(.bss.level) for level
    main.o(.ARM.exidx.text.LEVEL_PASS) refers to main.o(.text.LEVEL_PASS) for [Anonymous Symbol]
    main.o(.text.BEAT_GAME) refers to seven_segment_display.o(.text.Seven_Segment_Display) for Seven_Segment_Display
    main.o(.text.BEAT_GAME) refers to gpio.o(.rodata.RGB_LED_GREEN) for RGB_LED_GREEN
    main.o(.text.BEAT_GAME) refers to gpio.o(.text.RGB_LED_Output) for RGB_LED_Output
    main.o(.text.BEAT_GAME) refers to gpio.o(.text.EduBase_LEDs_Output) for EduBase_LEDs_Output
    main.o(.text.BEAT_GAME) refers to systick_delay.o(.text.SysTick_Delay1ms) for SysTick_Delay1ms
    main.o(.text.BEAT_GAME) refers to main.o(.text.RESET_GAME) for RESET_GAME
    main.o(.ARM.exidx.text.BEAT_GAME) refers to main.o(.text.BEAT_GAME) for [Anonymous Symbol]
    main.o(.text.RESET_GAME) refers to main.o(.bss.lv1array) for lv1array
    main.o(.text.RESET_GAME) refers to main.o(.bss.lv1playerarr) for lv1playerarr
    main.o(.text.RESET_GAME) refers to main.o(.bss.lv2array) for lv2array
    main.o(.text.RESET_GAME) refers to main.o(.bss.lv2playerarr) for lv2playerarr
    main.o(.text.RESET_GAME) refers to main.o(.bss.lv3array) for lv3array
    main.o(.text.RESET_GAME) refers to main.o(.bss.lv3playerarr) for lv3playerarr
    main.o(.text.RESET_GAME) refers to main.o(.bss.index1) for index1
    main.o(.text.RESET_GAME) refers to main.o(.bss.index2) for index2
    main.o(.text.RESET_GAME) refers to main.o(.bss.index3) for index3
    main.o(.text.RESET_GAME) refers to main.o(.bss.level) for level
    main.o(.ARM.exidx.text.RESET_GAME) refers to main.o(.text.RESET_GAME) for [Anonymous Symbol]
    gpio.o(.ARM.exidx.text.RGB_LED_Init) refers to gpio.o(.text.RGB_LED_Init) for [Anonymous Symbol]
    gpio.o(.ARM.exidx.text.RGB_LED_Output) refers to gpio.o(.text.RGB_LED_Output) for [Anonymous Symbol]
    gpio.o(.ARM.exidx.text.RGB_LED_Status) refers to gpio.o(.text.RGB_LED_Status) for [Anonymous Symbol]
    gpio.o(.ARM.exidx.text.EduBase_LEDs_Init) refers to gpio.o(.text.EduBase_LEDs_Init) for [Anonymous Symbol]
    gpio.o(.ARM.exidx.text.EduBase_LEDs_Output) refers to gpio.o(.text.EduBase_LEDs_Output) for [Anonymous Symbol]
    gpio.o(.ARM.exidx.text.EduBase_Button_Init) refers to gpio.o(.text.EduBase_Button_Init) for [Anonymous Symbol]
    gpio.o(.ARM.exidx.text.Get_EduBase_Button_Status) refers to gpio.o(.text.Get_EduBase_Button_Status) for [Anonymous Symbol]
    systick_delay.o(.ARM.exidx.text.SysTick_Delay_Init) refers to systick_delay.o(.text.SysTick_Delay_Init) for [Anonymous Symbol]
    systick_delay.o(.text.SysTick_Delay1us) refers to systick_delay.o(.bss.us_elapsed) for us_elapsed
    systick_delay.o(.ARM.exidx.text.SysTick_Delay1us) refers to systick_delay.o(.text.SysTick_Delay1us) for [Anonymous Symbol]
    systick_delay.o(.text.SysTick_Delay1ms) refers to systick_delay.o(.bss.us_elapsed) for us_elapsed
    systick_delay.o(.text.SysTick_Delay1ms) refers to systick_delay.o(.bss.ms_elapsed) for ms_elapsed
    systick_delay.o(.text.SysTick_Delay1ms) refers to systick_delay.o(.bss.ms_active) for ms_active
    systick_delay.o(.ARM.exidx.text.SysTick_Delay1ms) refers to systick_delay.o(.text.SysTick_Delay1ms) for [Anonymous Symbol]
    systick_delay.o(.text.SysTick_Handler) refers to systick_delay.o(.bss.us_elapsed) for us_elapsed
    systick_delay.o(.text.SysTick_Handler) refers to systick_delay.o(.bss.ms_active) for ms_active
    systick_delay.o(.text.SysTick_Handler) refers to systick_delay.o(.bss.ms_elapsed) for ms_elapsed
    systick_delay.o(.ARM.exidx.text.SysTick_Handler) refers to systick_delay.o(.text.SysTick_Handler) for [Anonymous Symbol]
    buzzer.o(.ARM.exidx.text.Buzzer_Init) refers to buzzer.o(.text.Buzzer_Init) for [Anonymous Symbol]
    buzzer.o(.ARM.exidx.text.Buzzer_Output) refers to buzzer.o(.text.Buzzer_Output) for [Anonymous Symbol]
    buzzer.o(.text.Play_Note) refers to ddiv.o(x$fpl$ddiv) for __aeabi_ddiv
    buzzer.o(.text.Play_Note) refers to dmul.o(x$fpl$dmul) for __aeabi_dmul
    buzzer.o(.text.Play_Note) refers to dfix.o(x$fpl$dfix) for __aeabi_d2iz
    buzzer.o(.text.Play_Note) refers to buzzer.o(.text.Buzzer_Output) for Buzzer_Output
    buzzer.o(.text.Play_Note) refers to systick_delay.o(.text.SysTick_Delay1us) for SysTick_Delay1us
    buzzer.o(.ARM.exidx.text.Play_Note) refers to buzzer.o(.text.Play_Note) for [Anonymous Symbol]
    seven_segment_display.o(.ARM.exidx.text.Seven_Segment_Display_Init) refers to seven_segment_display.o(.text.Seven_Segment_Display_Init) for [Anonymous Symbol]
    seven_segment_display.o(.ARM.exidx.text.SSI2_Write) refers to seven_segment_display.o(.text.SSI2_Write) for [Anonymous Symbol]
    seven_segment_display.o(.ARM.exidx.text.Count_Digits) refers to seven_segment_display.o(.text.Count_Digits) for [Anonymous Symbol]
    seven_segment_display.o(.text.Seven_Segment_Display) refers to seven_segment_display.o(.rodata.number_pattern) for number_pattern
    seven_segment_display.o(.text.Seven_Segment_Display) refers to seven_segment_display.o(.text.SSI2_Write) for SSI2_Write
    seven_segment_display.o(.text.Seven_Segment_Display) refers to seven_segment_display.o(.text.Count_Digits) for Count_Digits
    seven_segment_display.o(.text.Seven_Segment_Display) refers to systick_delay.o(.text.SysTick_Delay1ms) for SysTick_Delay1ms
    seven_segment_display.o(.ARM.exidx.text.Seven_Segment_Display) refers to seven_segment_display.o(.text.Seven_Segment_Display) for [Anonymous Symbol]
    startup_tm4c123.o(STACK) refers (Special) to heapauxi.o(.text) for __use_two_region_memory
    startup_tm4c123.o(HEAP) refers (Special) to heapauxi.o(.text) for __use_two_region_memory
    startup_tm4c123.o(RESET) refers (Special) to heapauxi.o(.text) for __use_two_region_memory
    startup_tm4c123.o(RESET) refers to startup_tm4c123.o(STACK) for __initial_sp
    startup_tm4c123.o(RESET) refers to startup_tm4c123.o(.text) for Reset_Handler
    startup_tm4c123.o(RESET) refers to systick_delay.o(.text.SysTick_Handler) for SysTick_Handler
    startup_tm4c123.o(.text) refers (Special) to heapauxi.o(.text) for __use_two_region_memory
    startup_tm4c123.o(.text) refers to system_tm4c123.o(.text.SystemInit) for SystemInit
    startup_tm4c123.o(.text) refers to __main.o(!!!main) for __main
    startup_tm4c123.o(.text) refers to startup_tm4c123.o(HEAP) for Heap_Mem
    startup_tm4c123.o(.text) refers to startup_tm4c123.o(STACK) for Stack_Mem
    system_tm4c123.o(.text.SystemCoreClockUpdate) refers to system_tm4c123.o(.text.getOscClk) for getOscClk
    system_tm4c123.o(.text.SystemCoreClockUpdate) refers to system_tm4c123.o(.data.SystemCoreClock) for SystemCoreClock
    system_tm4c123.o(.ARM.exidx.text.SystemCoreClockUpdate) refers to system_tm4c123.o(.text.SystemCoreClockUpdate) for [Anonymous Symbol]
    system_tm4c123.o(.ARM.exidx.text.getOscClk) refers to system_tm4c123.o(.text.getOscClk) for [Anonymous Symbol]
    system_tm4c123.o(.ARM.exidx.text.SystemInit) refers to system_tm4c123.o(.text.SystemInit) for [Anonymous Symbol]
    rand.o(.emb_text) refers (Special) to libinit2.o(.ARM.Collect$$libinit$$0000000F) for __rt_lib_init_rand_2
    rand.o(.emb_text) refers to rand.o(.text) for _rand_init
    rand.o(.emb_text) refers to rand.o(.bss) for _random_number_data
    rand.o(.text) refers (Special) to libinit2.o(.ARM.Collect$$libinit$$0000000F) for __rt_lib_init_rand_2
    rand.o(.text) refers to rand.o(.bss) for .bss
    rand.o(.bss) refers (Special) to libinit2.o(.ARM.Collect$$libinit$$0000000F) for __rt_lib_init_rand_2
    __main.o(!!!main) refers to __rtentry.o(.ARM.Collect$$rtentry$$00000000) for __rt_entry
    ddiv.o(x$fpl$drdiv) refers (Special) to usenofp.o(x$fpl$usenofp) for __I$use$fp
    ddiv.o(x$fpl$drdiv) refers to ddiv.o(x$fpl$ddiv) for ddiv_entry
    ddiv.o(x$fpl$ddiv) refers (Special) to usenofp.o(x$fpl$usenofp) for __I$use$fp
    ddiv.o(x$fpl$ddiv) refers to dretinf.o(x$fpl$dretinf) for __fpl_dretinf
    ddiv.o(x$fpl$ddiv) refers to dnaninf.o(x$fpl$dnaninf) for __fpl_dnaninf
    dfix.o(x$fpl$dfix) refers (Special) to usenofp.o(x$fpl$usenofp) for __I$use$fp
    dfix.o(x$fpl$dfix) refers to dnaninf.o(x$fpl$dnaninf) for __fpl_dnaninf
    dfix.o(x$fpl$dfixr) refers (Special) to usenofp.o(x$fpl$usenofp) for __I$use$fp
    dfix.o(x$fpl$dfixr) refers to dnaninf.o(x$fpl$dnaninf) for __fpl_dnaninf
    dmul.o(x$fpl$dmul) refers (Special) to usenofp.o(x$fpl$usenofp) for __I$use$fp
    dmul.o(x$fpl$dmul) refers to dretinf.o(x$fpl$dretinf) for __fpl_dretinf
    dmul.o(x$fpl$dmul) refers to dnaninf.o(x$fpl$dnaninf) for __fpl_dnaninf
    __rtentry.o(.ARM.Collect$$rtentry$$00000000) refers (Special) to __rtentry2.o(.ARM.Collect$$rtentry$$0000000A) for __rt_entry_li
    __rtentry.o(.ARM.Collect$$rtentry$$00000000) refers (Special) to __rtentry2.o(.ARM.Collect$$rtentry$$0000000D) for __rt_entry_main
    __rtentry.o(.ARM.Collect$$rtentry$$00000000) refers (Special) to __rtentry2.o(.ARM.Collect$$rtentry$$0000000C) for __rt_entry_postli_1
    __rtentry.o(.ARM.Collect$$rtentry$$00000000) refers (Special) to __rtentry2.o(.ARM.Collect$$rtentry$$00000009) for __rt_entry_postsh_1
    __rtentry.o(.ARM.Collect$$rtentry$$00000000) refers (Special) to __rtentry2.o(.ARM.Collect$$rtentry$$00000002) for __rt_entry_presh_1
    __rtentry.o(.ARM.Collect$$rtentry$$00000000) refers (Special) to __rtentry4.o(.ARM.Collect$$rtentry$$00000004) for __rt_entry_sh
    libinit2.o(.ARM.Collect$$libinit$$00000001) refers to fpinit.o(x$fpl$fpinit) for _fp_init
    libinit2.o(.ARM.Collect$$libinit$$0000000F) refers (Weak) to rand.o(.text) for _rand_init
    libinit2.o(.ARM.Collect$$libinit$$00000012) refers to libinit2.o(.ARM.Collect$$libinit$$00000011) for .ARM.Collect$$libinit$$00000011
    libinit2.o(.ARM.Collect$$libinit$$00000014) refers to libinit2.o(.ARM.Collect$$libinit$$00000011) for .ARM.Collect$$libinit$$00000011
    libinit2.o(.ARM.Collect$$libinit$$00000016) refers to libinit2.o(.ARM.Collect$$libinit$$00000011) for .ARM.Collect$$libinit$$00000011
    libinit2.o(.ARM.Collect$$libinit$$00000018) refers to libinit2.o(.ARM.Collect$$libinit$$00000011) for .ARM.Collect$$libinit$$00000011
    libinit2.o(.ARM.Collect$$libinit$$0000001A) refers to libinit2.o(.ARM.Collect$$libinit$$00000011) for .ARM.Collect$$libinit$$00000011
    libinit2.o(.ARM.Collect$$libinit$$00000028) refers to argv_veneer.o(.emb_text) for __ARM_argv_veneer
    libinit2.o(.ARM.Collect$$libinit$$00000029) refers to argv_veneer.o(.emb_text) for __ARM_argv_veneer
    dnaninf.o(x$fpl$dnaninf) refers (Special) to usenofp.o(x$fpl$usenofp) for __I$use$fp
    dretinf.o(x$fpl$dretinf) refers (Special) to usenofp.o(x$fpl$usenofp) for __I$use$fp
    __rtentry2.o(.ARM.Collect$$rtentry$$00000008) refers to boardinit2.o(.text) for _platform_post_stackheap_init
    __rtentry2.o(.ARM.Collect$$rtentry$$0000000A) refers to libinit.o(.ARM.Collect$$libinit$$00000000) for __rt_lib_init
    __rtentry2.o(.ARM.Collect$$rtentry$$0000000B) refers to boardinit3.o(.text) for _platform_post_lib_init
    __rtentry2.o(.ARM.Collect$$rtentry$$0000000D) refers to main.o(.text.main) for main
    __rtentry2.o(.ARM.Collect$$rtentry$$0000000D) refers to exit.o(.text) for exit
    __rtentry2.o(.ARM.exidx) refers to __rtentry2.o(.ARM.Collect$$rtentry$$00000001) for .ARM.Collect$$rtentry$$00000001
    __rtentry2.o(.ARM.exidx) refers to __rtentry2.o(.ARM.Collect$$rtentry$$00000008) for .ARM.Collect$$rtentry$$00000008
    __rtentry2.o(.ARM.exidx) refers to __rtentry2.o(.ARM.Collect$$rtentry$$0000000A) for .ARM.Collect$$rtentry$$0000000A
    __rtentry2.o(.ARM.exidx) refers to __rtentry2.o(.ARM.Collect$$rtentry$$0000000B) for .ARM.Collect$$rtentry$$0000000B
    __rtentry2.o(.ARM.exidx) refers to __rtentry2.o(.ARM.Collect$$rtentry$$0000000D) for .ARM.Collect$$rtentry$$0000000D
    __rtentry4.o(.ARM.Collect$$rtentry$$00000004) refers to sys_stackheap_outer.o(.text) for __user_setup_stackheap
    __rtentry4.o(.ARM.exidx) refers to __rtentry4.o(.ARM.Collect$$rtentry$$00000004) for .ARM.Collect$$rtentry$$00000004
    argv_veneer.o(.emb_text) refers to no_argv.o(.text) for __ARM_get_argv
    sys_stackheap_outer.o(.text) refers to libspace.o(.text) for __user_perproc_libspace
    sys_stackheap_outer.o(.text) refers to startup_tm4c123.o(.text) for __user_initial_stackheap
    exit.o(.text) refers to rtexit.o(.ARM.Collect$$rtexit$$00000000) for __rt_exit
    _get_argv_nomalloc.o(.text) refers (Special) to hrguard.o(.text) for __heap_region$guard
    _get_argv_nomalloc.o(.text) refers to defsig_rtmem_outer.o(.text) for __rt_SIGRTMEM
    _get_argv_nomalloc.o(.text) refers to sys_command.o(.text) for _sys_command_string
    libinit.o(.ARM.Collect$$libinit$$00000000) refers (Special) to libinit2.o(.ARM.Collect$$libinit$$00000030) for __rt_lib_init_alloca_1
    libinit.o(.ARM.Collect$$libinit$$00000000) refers (Special) to libinit2.o(.ARM.Collect$$libinit$$0000002E) for __rt_lib_init_argv_1
    libinit.o(.ARM.Collect$$libinit$$00000000) refers (Special) to libinit2.o(.ARM.Collect$$libinit$$0000001D) for __rt_lib_init_atexit_1
    libinit.o(.ARM.Collect$$libinit$$00000000) refers (Special) to libinit2.o(.ARM.Collect$$libinit$$00000023) for __rt_lib_init_clock_1
    libinit.o(.ARM.Collect$$libinit$$00000000) refers (Special) to libinit2.o(.ARM.Collect$$libinit$$00000034) for __rt_lib_init_cpp_1
    libinit.o(.ARM.Collect$$libinit$$00000000) refers (Special) to libinit2.o(.ARM.Collect$$libinit$$00000032) for __rt_lib_init_exceptions_1
    libinit.o(.ARM.Collect$$libinit$$00000000) refers (Special) to libinit2.o(.ARM.Collect$$libinit$$00000001) for __rt_lib_init_fp_1
    libinit.o(.ARM.Collect$$libinit$$00000000) refers (Special) to libinit2.o(.ARM.Collect$$libinit$$00000021) for __rt_lib_init_fp_trap_1
    libinit.o(.ARM.Collect$$libinit$$00000000) refers (Special) to libinit2.o(.ARM.Collect$$libinit$$00000025) for __rt_lib_init_getenv_1
    libinit.o(.ARM.Collect$$libinit$$00000000) refers (Special) to libinit2.o(.ARM.Collect$$libinit$$0000000C) for __rt_lib_init_heap_1
    libinit.o(.ARM.Collect$$libinit$$00000000) refers (Special) to libinit2.o(.ARM.Collect$$libinit$$00000013) for __rt_lib_init_lc_collate_1
    libinit.o(.ARM.Collect$$libinit$$00000000) refers (Special) to libinit2.o(.ARM.Collect$$libinit$$00000015) for __rt_lib_init_lc_ctype_1
    libinit.o(.ARM.Collect$$libinit$$00000000) refers (Special) to libinit2.o(.ARM.Collect$$libinit$$00000017) for __rt_lib_init_lc_monetary_1
    libinit.o(.ARM.Collect$$libinit$$00000000) refers (Special) to libinit2.o(.ARM.Collect$$libinit$$00000019) for __rt_lib_init_lc_numeric_1
    libinit.o(.ARM.Collect$$libinit$$00000000) refers (Special) to libinit2.o(.ARM.Collect$$libinit$$0000001B) for __rt_lib_init_lc_time_1
    libinit.o(.ARM.Collect$$libinit$$00000000) refers (Special) to libinit2.o(.ARM.Collect$$libinit$$00000006) for __rt_lib_init_preinit_1
    libinit.o(.ARM.Collect$$libinit$$00000000) refers (Special) to libinit2.o(.ARM.Collect$$libinit$$00000010) for __rt_lib_init_rand_1
    libinit.o(.ARM.Collect$$libinit$$00000000) refers (Special) to libinit2.o(.ARM.Collect$$libinit$$00000004) for __rt_lib_init_relocate_pie_1
    libinit.o(.ARM.Collect$$libinit$$00000000) refers (Special) to libinit2.o(.ARM.Collect$$libinit$$00000035) for __rt_lib_init_return
    libinit.o(.ARM.Collect$$libinit$$00000000) refers (Special) to libinit2.o(.ARM.Collect$$libinit$$0000001F) for __rt_lib_init_signal_1
    libinit.o(.ARM.Collect$$libinit$$00000000) refers (Special) to libinit2.o(.ARM.Collect$$libinit$$00000027) for __rt_lib_init_stdio_1
    libinit.o(.ARM.Collect$$libinit$$00000000) refers (Special) to libinit2.o(.ARM.Collect$$libinit$$0000000E) for __rt_lib_init_user_alloc_1
    sys_command.o(.text) refers (Special) to use_no_semi.o(.text) for __I$use$semihosting
    sys_command.o(.text) refers (Special) to indicate_semi.o(.text) for __semihosting_library_function
    sys_command_hlt.o(.text) refers (Special) to use_no_semi.o(.text) for __I$use$semihosting
    sys_command_hlt.o(.text) refers (Special) to indicate_semi.o(.text) for __semihosting_library_function
    libspace.o(.text) refers to libspace.o(.bss) for __libspace_start
    rtexit.o(.ARM.Collect$$rtexit$$00000000) refers (Special) to rtexit2.o(.ARM.Collect$$rtexit$$00000004) for __rt_exit_exit
    rtexit.o(.ARM.Collect$$rtexit$$00000000) refers (Special) to rtexit2.o(.ARM.Collect$$rtexit$$00000003) for __rt_exit_ls
    rtexit.o(.ARM.Collect$$rtexit$$00000000) refers (Special) to rtexit2.o(.ARM.Collect$$rtexit$$00000002) for __rt_exit_prels_1
    rtexit.o(.ARM.exidx) refers (Special) to rtexit2.o(.ARM.Collect$$rtexit$$00000004) for __rt_exit_exit
    rtexit.o(.ARM.exidx) refers (Special) to rtexit2.o(.ARM.Collect$$rtexit$$00000003) for __rt_exit_ls
    rtexit.o(.ARM.exidx) refers (Special) to rtexit2.o(.ARM.Collect$$rtexit$$00000002) for __rt_exit_prels_1
    rtexit.o(.ARM.exidx) refers to rtexit.o(.ARM.Collect$$rtexit$$00000000) for .ARM.Collect$$rtexit$$00000000
    defsig_rtmem_outer.o(.text) refers to defsig_rtmem_inner.o(.text) for __rt_SIGRTMEM_inner
    defsig_rtmem_outer.o(.text) refers to defsig_exit.o(.text) for __sig_exit
    defsig_rtmem_formal.o(.text) refers to rt_raise.o(.text) for __rt_raise
    rtexit2.o(.ARM.Collect$$rtexit$$00000003) refers to libshutdown.o(.ARM.Collect$$libshutdown$$00000000) for __rt_lib_shutdown
    rtexit2.o(.ARM.Collect$$rtexit$$00000004) refers to sys_exit.o(.text) for _sys_exit
    rtexit2.o(.ARM.exidx) refers to rtexit2.o(.ARM.Collect$$rtexit$$00000001) for .ARM.Collect$$rtexit$$00000001
    rtexit2.o(.ARM.exidx) refers to rtexit2.o(.ARM.Collect$$rtexit$$00000003) for .ARM.Collect$$rtexit$$00000003
    rtexit2.o(.ARM.exidx) refers to rtexit2.o(.ARM.Collect$$rtexit$$00000004) for .ARM.Collect$$rtexit$$00000004
    rt_raise.o(.text) refers to __raise.o(.text) for __raise
    rt_raise.o(.text) refers to sys_exit.o(.text) for _sys_exit
    defsig_exit.o(.text) refers to sys_exit.o(.text) for _sys_exit
    defsig_rtmem_inner.o(.text) refers to defsig_general.o(.text) for __default_signal_display
    sys_exit.o(.text) refers (Special) to use_no_semi.o(.text) for __I$use$semihosting
    sys_exit.o(.text) refers (Special) to indicate_semi.o(.text) for __semihosting_library_function
    sys_exit_hlt.o(.text) refers (Special) to use_no_semi.o(.text) for __I$use$semihosting
    sys_exit_hlt.o(.text) refers (Special) to indicate_semi.o(.text) for __semihosting_library_function
    __raise.o(.text) refers to defsig.o(CL$$defsig) for __default_signal_handler
    defsig_general.o(.text) refers to sys_wrch.o(.text) for _ttywrch
    libshutdown.o(.ARM.Collect$$libshutdown$$00000000) refers (Special) to libshutdown2.o(.ARM.Collect$$libshutdown$$00000002) for __rt_lib_shutdown_cpp_1
    libshutdown.o(.ARM.Collect$$libshutdown$$00000000) refers (Special) to libshutdown2.o(.ARM.Collect$$libshutdown$$00000007) for __rt_lib_shutdown_fp_trap_1
    libshutdown.o(.ARM.Collect$$libshutdown$$00000000) refers (Special) to libshutdown2.o(.ARM.Collect$$libshutdown$$0000000F) for __rt_lib_shutdown_heap_1
    libshutdown.o(.ARM.Collect$$libshutdown$$00000000) refers (Special) to libshutdown2.o(.ARM.Collect$$libshutdown$$00000010) for __rt_lib_shutdown_return
    libshutdown.o(.ARM.Collect$$libshutdown$$00000000) refers (Special) to libshutdown2.o(.ARM.Collect$$libshutdown$$0000000A) for __rt_lib_shutdown_signal_1
    libshutdown.o(.ARM.Collect$$libshutdown$$00000000) refers (Special) to libshutdown2.o(.ARM.Collect$$libshutdown$$00000004) for __rt_lib_shutdown_stdio_1
    libshutdown.o(.ARM.Collect$$libshutdown$$00000000) refers (Special) to libshutdown2.o(.ARM.Collect$$libshutdown$$0000000C) for __rt_lib_shutdown_user_alloc_1
    sys_wrch.o(.text) refers (Special) to use_no_semi.o(.text) for __I$use$semihosting
    sys_wrch.o(.text) refers (Special) to indicate_semi.o(.text) for __semihosting_library_function
    sys_wrch_hlt.o(.text) refers (Special) to use_no_semi.o(.text) for __I$use$semihosting
    sys_wrch_hlt.o(.text) refers (Special) to indicate_semi.o(.text) for __semihosting_library_function
    defsig.o(CL$$defsig) refers to defsig_rtmem_inner.o(.text) for __rt_SIGRTMEM_inner
    defsig_abrt_inner.o(.text) refers to defsig_general.o(.text) for __default_signal_display
    defsig_fpe_inner.o(.text) refers to defsig_general.o(.text) for __default_signal_display
    defsig_rtred_inner.o(.text) refers to defsig_general.o(.text) for __default_signal_display
    defsig_stak_inner.o(.text) refers to defsig_general.o(.text) for __default_signal_display
    defsig_pvfn_inner.o(.text) refers to defsig_general.o(.text) for __default_signal_display
    defsig_cppl_inner.o(.text) refers to defsig_general.o(.text) for __default_signal_display
    defsig_segv_inner.o(.text) refers to defsig_general.o(.text) for __default_signal_display
    defsig_other.o(.text) refers to defsig_general.o(.text) for __default_signal_display


==============================================================================

Removing Unused input sections from the image.

    Removing main.o(.text), (0 bytes).
    Removing main.o(.ARM.exidx.text.main), (8 bytes).
    Removing main.o(.ARM.exidx.text.Generate_Sequence), (8 bytes).
    Removing main.o(.ARM.exidx.text.Level_Config), (8 bytes).
    Removing main.o(.ARM.exidx.text.LED_Sound_Link), (8 bytes).
    Removing main.o(.ARM.exidx.text.Player_Sequence), (8 bytes).
    Removing main.o(.ARM.exidx.text.Sequence_Check), (8 bytes).
    Removing main.o(.ARM.exidx.text.Player_SeqConv), (8 bytes).
    Removing main.o(.ARM.exidx.text.LEVEL_FAIL), (8 bytes).
    Removing main.o(.ARM.exidx.text.LEVEL_PASS), (8 bytes).
    Removing main.o(.ARM.exidx.text.BEAT_GAME), (8 bytes).
    Removing main.o(.ARM.exidx.text.RESET_GAME), (8 bytes).
    Removing main.o(.rodata.lowlimit), (1 bytes).
    Removing main.o(.rodata.uplimit), (1 bytes).
    Removing main.o(.ARM.use_no_argv), (4 bytes).
    Removing gpio.o(.text), (0 bytes).
    Removing gpio.o(.ARM.exidx.text.RGB_LED_Init), (8 bytes).
    Removing gpio.o(.ARM.exidx.text.RGB_LED_Output), (8 bytes).
    Removing gpio.o(.text.RGB_LED_Status), (28 bytes).
    Removing gpio.o(.ARM.exidx.text.RGB_LED_Status), (8 bytes).
    Removing gpio.o(.ARM.exidx.text.EduBase_LEDs_Init), (8 bytes).
    Removing gpio.o(.ARM.exidx.text.EduBase_LEDs_Output), (8 bytes).
    Removing gpio.o(.ARM.exidx.text.EduBase_Button_Init), (8 bytes).
    Removing gpio.o(.ARM.exidx.text.Get_EduBase_Button_Status), (8 bytes).
    Removing systick_delay.o(.text), (0 bytes).
    Removing systick_delay.o(.ARM.exidx.text.SysTick_Delay_Init), (8 bytes).
    Removing systick_delay.o(.ARM.exidx.text.SysTick_Delay1us), (8 bytes).
    Removing systick_delay.o(.ARM.exidx.text.SysTick_Delay1ms), (8 bytes).
    Removing systick_delay.o(.ARM.exidx.text.SysTick_Handler), (8 bytes).
    Removing buzzer.o(.text), (0 bytes).
    Removing buzzer.o(.ARM.exidx.text.Buzzer_Init), (8 bytes).
    Removing buzzer.o(.ARM.exidx.text.Buzzer_Output), (8 bytes).
    Removing buzzer.o(.ARM.exidx.text.Play_Note), (8 bytes).
    Removing buzzer.o(.rodata.BUZZER_OFF), (1 bytes).
    Removing buzzer.o(.rodata.BUZZER_ON), (1 bytes).
    Removing buzzer.o(.rodata.C4_NOTE), (8 bytes).
    Removing buzzer.o(.rodata.D4_NOTE), (8 bytes).
    Removing buzzer.o(.rodata.E4_NOTE), (8 bytes).
    Removing buzzer.o(.rodata.F4_NOTE), (8 bytes).
    Removing seven_segment_display.o(.text), (0 bytes).
    Removing seven_segment_display.o(.ARM.exidx.text.Seven_Segment_Display_Init), (8 bytes).
    Removing seven_segment_display.o(.ARM.exidx.text.SSI2_Write), (8 bytes).
    Removing seven_segment_display.o(.ARM.exidx.text.Count_Digits), (8 bytes).
    Removing seven_segment_display.o(.ARM.exidx.text.Seven_Segment_Display), (8 bytes).
    Removing system_tm4c123.o(.text), (0 bytes).
    Removing system_tm4c123.o(.text.SystemCoreClockUpdate), (326 bytes).
    Removing system_tm4c123.o(.ARM.exidx.text.SystemCoreClockUpdate), (8 bytes).
    Removing system_tm4c123.o(.text.getOscClk), (360 bytes).
    Removing system_tm4c123.o(.ARM.exidx.text.getOscClk), (8 bytes).
    Removing system_tm4c123.o(.ARM.exidx.text.SystemInit), (8 bytes).
    Removing system_tm4c123.o(.data.SystemCoreClock), (4 bytes).

51 unused section(s) (total 1014 bytes) removed from the image.

==============================================================================

Image Symbol Table

    Local Symbols

    Symbol Name                              Value     Ov Type        Size  Object(Section)

    ../clib/angel/boardlib.s                 0x00000000   Number         0  boardinit1.o ABSOLUTE
    ../clib/angel/boardlib.s                 0x00000000   Number         0  boardinit2.o ABSOLUTE
    ../clib/angel/boardlib.s                 0x00000000   Number         0  boardinit3.o ABSOLUTE
    ../clib/angel/boardlib.s                 0x00000000   Number         0  boardshut.o ABSOLUTE
    ../clib/angel/handlers.s                 0x00000000   Number         0  __scatter_zi.o ABSOLUTE
    ../clib/angel/kernel.s                   0x00000000   Number         0  __rtentry.o ABSOLUTE
    ../clib/angel/kernel.s                   0x00000000   Number         0  __rtentry2.o ABSOLUTE
    ../clib/angel/kernel.s                   0x00000000   Number         0  __rtentry4.o ABSOLUTE
    ../clib/angel/kernel.s                   0x00000000   Number         0  rtexit.o ABSOLUTE
    ../clib/angel/kernel.s                   0x00000000   Number         0  rtexit2.o ABSOLUTE
    ../clib/angel/rt.s                       0x00000000   Number         0  rt_raise.o ABSOLUTE
    ../clib/angel/scatter.s                  0x00000000   Number         0  __scatter.o ABSOLUTE
    ../clib/angel/startup.s                  0x00000000   Number         0  __main.o ABSOLUTE
    ../clib/angel/sys.s                      0x00000000   Number         0  sys_stackheap_outer.o ABSOLUTE
    ../clib/angel/sys.s                      0x00000000   Number         0  libspace.o ABSOLUTE
    ../clib/angel/sys.s                      0x00000000   Number         0  use_no_semi.o ABSOLUTE
    ../clib/angel/sys.s                      0x00000000   Number         0  indicate_semi.o ABSOLUTE
    ../clib/angel/sysapp.c                   0x00000000   Number         0  sys_command.o ABSOLUTE
    ../clib/angel/sysapp.c                   0x00000000   Number         0  sys_command_hlt.o ABSOLUTE
    ../clib/angel/sysapp.c                   0x00000000   Number         0  sys_exit.o ABSOLUTE
    ../clib/angel/sysapp.c                   0x00000000   Number         0  sys_exit_hlt.o ABSOLUTE
    ../clib/angel/sysapp.c                   0x00000000   Number         0  sys_wrch.o ABSOLUTE
    ../clib/angel/sysapp.c                   0x00000000   Number         0  sys_wrch_hlt.o ABSOLUTE
    ../clib/armsys.c                         0x00000000   Number         0  argv_veneer.o ABSOLUTE
    ../clib/armsys.c                         0x00000000   Number         0  argv_veneer.o ABSOLUTE
    ../clib/armsys.c                         0x00000000   Number         0  _get_argv_nomalloc.o ABSOLUTE
    ../clib/armsys.c                         0x00000000   Number         0  no_argv.o ABSOLUTE
    ../clib/heapalloc.c                      0x00000000   Number         0  hrguard.o ABSOLUTE
    ../clib/heapaux.c                        0x00000000   Number         0  heapauxi.o ABSOLUTE
    ../clib/libinit.s                        0x00000000   Number         0  libinit2.o ABSOLUTE
    ../clib/libinit.s                        0x00000000   Number         0  libinit.o ABSOLUTE
    ../clib/libinit.s                        0x00000000   Number         0  libshutdown.o ABSOLUTE
    ../clib/libinit.s                        0x00000000   Number         0  libshutdown2.o ABSOLUTE
    ../clib/signal.c                         0x00000000   Number         0  defsig_rtmem_outer.o ABSOLUTE
    ../clib/signal.c                         0x00000000   Number         0  defsig_rtmem_formal.o ABSOLUTE
    ../clib/signal.c                         0x00000000   Number         0  defsig_exit.o ABSOLUTE
    ../clib/signal.c                         0x00000000   Number         0  defsig_rtmem_inner.o ABSOLUTE
    ../clib/signal.c                         0x00000000   Number         0  __raise.o ABSOLUTE
    ../clib/signal.c                         0x00000000   Number         0  defsig_general.o ABSOLUTE
    ../clib/signal.c                         0x00000000   Number         0  defsig_abrt_inner.o ABSOLUTE
    ../clib/signal.c                         0x00000000   Number         0  defsig_fpe_inner.o ABSOLUTE
    ../clib/signal.c                         0x00000000   Number         0  defsig_rtred_inner.o ABSOLUTE
    ../clib/signal.c                         0x00000000   Number         0  defsig_stak_inner.o ABSOLUTE
    ../clib/signal.c                         0x00000000   Number         0  defsig_pvfn_inner.o ABSOLUTE
    ../clib/signal.c                         0x00000000   Number         0  defsig_cppl_inner.o ABSOLUTE
    ../clib/signal.c                         0x00000000   Number         0  defsig_segv_inner.o ABSOLUTE
    ../clib/signal.c                         0x00000000   Number         0  defsig_other.o ABSOLUTE
    ../clib/signal.s                         0x00000000   Number         0  defsig.o ABSOLUTE
    ../clib/stdlib.c                         0x00000000   Number         0  rand.o ABSOLUTE
    ../clib/stdlib.c                         0x00000000   Number         0  rand.o ABSOLUTE
    ../clib/stdlib.c                         0x00000000   Number         0  exit.o ABSOLUTE
    ../fplib/ddiv.s                          0x00000000   Number         0  ddiv.o ABSOLUTE
    ../fplib/dfix.s                          0x00000000   Number         0  dfix.o ABSOLUTE
    ../fplib/dmul.s                          0x00000000   Number         0  dmul.o ABSOLUTE
    ../fplib/dnaninf.s                       0x00000000   Number         0  dnaninf.o ABSOLUTE
    ../fplib/dretinf.s                       0x00000000   Number         0  dretinf.o ABSOLUTE
    ../fplib/fpinit.s                        0x00000000   Number         0  fpinit.o ABSOLUTE
    ../fplib/usenofp.s                       0x00000000   Number         0  usenofp.o ABSOLUTE
    Buzzer.c                                 0x00000000   Number         0  buzzer.o ABSOLUTE
    GPIO.c                                   0x00000000   Number         0  gpio.o ABSOLUTE
    RTE/Device/TM4C123GH6PM/startup_TM4C123.s 0x00000000   Number         0  startup_tm4c123.o ABSOLUTE
    Seven_Segment_Display.c                  0x00000000   Number         0  seven_segment_display.o ABSOLUTE
    SysTick_Delay.c                          0x00000000   Number         0  systick_delay.o ABSOLUTE
    dc.s                                     0x00000000   Number         0  dc.o ABSOLUTE
    main.c                                   0x00000000   Number         0  main.o ABSOLUTE
    system_TM4C123.c                         0x00000000   Number         0  system_tm4c123.o ABSOLUTE
    RESET                                    0x00000000   Section      620  startup_tm4c123.o(RESET)
    !!!main                                  0x0000026c   Section        8  __main.o(!!!main)
    !!!scatter                               0x00000274   Section       92  __scatter.o(!!!scatter)
    !!handler_null                           0x000002d0   Section        2  __scatter.o(!!handler_null)
    !!handler_zi                             0x000002d4   Section       28  __scatter_zi.o(!!handler_zi)
    .ARM.Collect$$libinit$$00000000          0x000002f0   Section        2  libinit.o(.ARM.Collect$$libinit$$00000000)
    .ARM.Collect$$libinit$$00000001          0x000002f2   Section        4  libinit2.o(.ARM.Collect$$libinit$$00000001)
    .ARM.Collect$$libinit$$00000004          0x000002f6   Section        0  libinit2.o(.ARM.Collect$$libinit$$00000004)
    .ARM.Collect$$libinit$$00000006          0x000002f6   Section        0  libinit2.o(.ARM.Collect$$libinit$$00000006)
    .ARM.Collect$$libinit$$0000000C          0x000002f6   Section        0  libinit2.o(.ARM.Collect$$libinit$$0000000C)
    .ARM.Collect$$libinit$$0000000E          0x000002f6   Section        0  libinit2.o(.ARM.Collect$$libinit$$0000000E)
    .ARM.Collect$$libinit$$0000000F          0x000002f6   Section        4  libinit2.o(.ARM.Collect$$libinit$$0000000F)
    .ARM.Collect$$libinit$$00000010          0x000002fa   Section        0  libinit2.o(.ARM.Collect$$libinit$$00000010)
    .ARM.Collect$$libinit$$00000013          0x000002fa   Section        0  libinit2.o(.ARM.Collect$$libinit$$00000013)
    .ARM.Collect$$libinit$$00000015          0x000002fa   Section        0  libinit2.o(.ARM.Collect$$libinit$$00000015)
    .ARM.Collect$$libinit$$00000017          0x000002fa   Section        0  libinit2.o(.ARM.Collect$$libinit$$00000017)
    .ARM.Collect$$libinit$$00000019          0x000002fa   Section        0  libinit2.o(.ARM.Collect$$libinit$$00000019)
    .ARM.Collect$$libinit$$0000001B          0x000002fa   Section        0  libinit2.o(.ARM.Collect$$libinit$$0000001B)
    .ARM.Collect$$libinit$$0000001D          0x000002fa   Section        0  libinit2.o(.ARM.Collect$$libinit$$0000001D)
    .ARM.Collect$$libinit$$0000001F          0x000002fa   Section        0  libinit2.o(.ARM.Collect$$libinit$$0000001F)
    .ARM.Collect$$libinit$$00000021          0x000002fa   Section        0  libinit2.o(.ARM.Collect$$libinit$$00000021)
    .ARM.Collect$$libinit$$00000023          0x000002fa   Section        0  libinit2.o(.ARM.Collect$$libinit$$00000023)
    .ARM.Collect$$libinit$$00000025          0x000002fa   Section        0  libinit2.o(.ARM.Collect$$libinit$$00000025)
    .ARM.Collect$$libinit$$00000027          0x000002fa   Section        0  libinit2.o(.ARM.Collect$$libinit$$00000027)
    .ARM.Collect$$libinit$$0000002E          0x000002fa   Section        0  libinit2.o(.ARM.Collect$$libinit$$0000002E)
    .ARM.Collect$$libinit$$00000030          0x000002fa   Section        0  libinit2.o(.ARM.Collect$$libinit$$00000030)
    .ARM.Collect$$libinit$$00000032          0x000002fa   Section        0  libinit2.o(.ARM.Collect$$libinit$$00000032)
    .ARM.Collect$$libinit$$00000034          0x000002fa   Section        0  libinit2.o(.ARM.Collect$$libinit$$00000034)
    .ARM.Collect$$libinit$$00000035          0x000002fa   Section        2  libinit2.o(.ARM.Collect$$libinit$$00000035)
    .ARM.Collect$$libshutdown$$00000000      0x000002fc   Section        2  libshutdown.o(.ARM.Collect$$libshutdown$$00000000)
    .ARM.Collect$$libshutdown$$00000002      0x000002fe   Section        0  libshutdown2.o(.ARM.Collect$$libshutdown$$00000002)
    .ARM.Collect$$libshutdown$$00000004      0x000002fe   Section        0  libshutdown2.o(.ARM.Collect$$libshutdown$$00000004)
    .ARM.Collect$$libshutdown$$00000007      0x000002fe   Section        0  libshutdown2.o(.ARM.Collect$$libshutdown$$00000007)
    .ARM.Collect$$libshutdown$$0000000A      0x000002fe   Section        0  libshutdown2.o(.ARM.Collect$$libshutdown$$0000000A)
    .ARM.Collect$$libshutdown$$0000000C      0x000002fe   Section        0  libshutdown2.o(.ARM.Collect$$libshutdown$$0000000C)
    .ARM.Collect$$libshutdown$$0000000F      0x000002fe   Section        0  libshutdown2.o(.ARM.Collect$$libshutdown$$0000000F)
    .ARM.Collect$$libshutdown$$00000010      0x000002fe   Section        2  libshutdown2.o(.ARM.Collect$$libshutdown$$00000010)
    .ARM.Collect$$rtentry$$00000000          0x00000300   Section        0  __rtentry.o(.ARM.Collect$$rtentry$$00000000)
    .ARM.Collect$$rtentry$$00000002          0x00000300   Section        0  __rtentry2.o(.ARM.Collect$$rtentry$$00000002)
    .ARM.Collect$$rtentry$$00000004          0x00000300   Section        6  __rtentry4.o(.ARM.Collect$$rtentry$$00000004)
    .ARM.Collect$$rtentry$$00000009          0x00000306   Section        0  __rtentry2.o(.ARM.Collect$$rtentry$$00000009)
    .ARM.Collect$$rtentry$$0000000A          0x00000306   Section        4  __rtentry2.o(.ARM.Collect$$rtentry$$0000000A)
    .ARM.Collect$$rtentry$$0000000C          0x0000030a   Section        0  __rtentry2.o(.ARM.Collect$$rtentry$$0000000C)
    .ARM.Collect$$rtentry$$0000000D          0x0000030a   Section        8  __rtentry2.o(.ARM.Collect$$rtentry$$0000000D)
    .ARM.Collect$$rtexit$$00000000           0x00000312   Section        2  rtexit.o(.ARM.Collect$$rtexit$$00000000)
    .ARM.Collect$$rtexit$$00000002           0x00000314   Section        0  rtexit2.o(.ARM.Collect$$rtexit$$00000002)
    .ARM.Collect$$rtexit$$00000003           0x00000314   Section        4  rtexit2.o(.ARM.Collect$$rtexit$$00000003)
    .ARM.Collect$$rtexit$$00000004           0x00000318   Section        6  rtexit2.o(.ARM.Collect$$rtexit$$00000004)
    .emb_text                                0x00000320   Section       52  rand.o(.emb_text)
    $v0                                      0x00000354   Number         0  startup_tm4c123.o(.text)
    .text                                    0x00000354   Section      276  startup_tm4c123.o(.text)
    .text                                    0x00000468   Section        0  rand.o(.text)
    .text                                    0x000004a4   Section        0  heapauxi.o(.text)
    .text                                    0x000004aa   Section       74  sys_stackheap_outer.o(.text)
    .text                                    0x000004f4   Section        0  exit.o(.text)
    .text                                    0x00000508   Section        8  libspace.o(.text)
    .text                                    0x00000510   Section        2  use_no_semi.o(.text)
    .text                                    0x00000512   Section        0  indicate_semi.o(.text)
    .text                                    0x00000514   Section        0  sys_exit.o(.text)
    [Anonymous Symbol]                       0x00000520   Section        0  main.o(.text.BEAT_GAME)
    [Anonymous Symbol]                       0x0000054c   Section        0  buzzer.o(.text.Buzzer_Init)
    [Anonymous Symbol]                       0x00000590   Section        0  buzzer.o(.text.Buzzer_Output)
    [Anonymous Symbol]                       0x000005b0   Section        0  seven_segment_display.o(.text.Count_Digits)
    [Anonymous Symbol]                       0x000005e4   Section        0  gpio.o(.text.EduBase_Button_Init)
    [Anonymous Symbol]                       0x00000628   Section        0  gpio.o(.text.EduBase_LEDs_Init)
    [Anonymous Symbol]                       0x0000067c   Section        0  gpio.o(.text.EduBase_LEDs_Output)
    [Anonymous Symbol]                       0x0000069c   Section        0  main.o(.text.Generate_Sequence)
    [Anonymous Symbol]                       0x00000748   Section        0  gpio.o(.text.Get_EduBase_Button_Status)
    [Anonymous Symbol]                       0x00000764   Section        0  main.o(.text.LED_Sound_Link)
    [Anonymous Symbol]                       0x00000800   Section        0  main.o(.text.LEVEL_FAIL)
    [Anonymous Symbol]                       0x0000086c   Section        0  main.o(.text.LEVEL_PASS)
    [Anonymous Symbol]                       0x000008dc   Section        0  main.o(.text.Level_Config)
    [Anonymous Symbol]                       0x00000a18   Section        0  buzzer.o(.text.Play_Note)
    [Anonymous Symbol]                       0x00000aa8   Section        0  main.o(.text.Player_SeqConv)
    [Anonymous Symbol]                       0x00000af8   Section        0  main.o(.text.Player_Sequence)
    [Anonymous Symbol]                       0x00000cfc   Section        0  main.o(.text.RESET_GAME)
    [Anonymous Symbol]                       0x00000dc4   Section        0  gpio.o(.text.RGB_LED_Init)
    [Anonymous Symbol]                       0x00000e18   Section        0  gpio.o(.text.RGB_LED_Output)
    [Anonymous Symbol]                       0x00000e38   Section        0  seven_segment_display.o(.text.SSI2_Write)
    [Anonymous Symbol]                       0x00000e88   Section        0  main.o(.text.Sequence_Check)
    [Anonymous Symbol]                       0x00000fac   Section        0  seven_segment_display.o(.text.Seven_Segment_Display)
    [Anonymous Symbol]                       0x00001044   Section        0  seven_segment_display.o(.text.Seven_Segment_Display_Init)
    [Anonymous Symbol]                       0x00001128   Section        0  systick_delay.o(.text.SysTick_Delay1ms)
    [Anonymous Symbol]                       0x00001174   Section        0  systick_delay.o(.text.SysTick_Delay1us)
    [Anonymous Symbol]                       0x000011a0   Section        0  systick_delay.o(.text.SysTick_Delay_Init)
    [Anonymous Symbol]                       0x000011cc   Section        0  systick_delay.o(.text.SysTick_Handler)
    [Anonymous Symbol]                       0x00001214   Section        0  system_tm4c123.o(.text.SystemInit)
    [Anonymous Symbol]                       0x00001320   Section        0  main.o(.text.main)
    $v0                                      0x0000134c   Number         0  ddiv.o(x$fpl$ddiv)
    x$fpl$ddiv                               0x0000134c   Section      696  ddiv.o(x$fpl$ddiv)
    ddiv_entry                               0x00001353   Thumb Code     0  ddiv.o(x$fpl$ddiv)
    $v0                                      0x00001604   Number         0  dfix.o(x$fpl$dfix)
    x$fpl$dfix                               0x00001604   Section       94  dfix.o(x$fpl$dfix)
    $v0                                      0x00001664   Number         0  dmul.o(x$fpl$dmul)
    x$fpl$dmul                               0x00001664   Section      340  dmul.o(x$fpl$dmul)
    $v0                                      0x000017b8   Number         0  dnaninf.o(x$fpl$dnaninf)
    x$fpl$dnaninf                            0x000017b8   Section      156  dnaninf.o(x$fpl$dnaninf)
    $v0                                      0x00001854   Number         0  dretinf.o(x$fpl$dretinf)
    x$fpl$dretinf                            0x00001854   Section       12  dretinf.o(x$fpl$dretinf)
    $v0                                      0x00001860   Number         0  fpinit.o(x$fpl$fpinit)
    x$fpl$fpinit                             0x00001860   Section       26  fpinit.o(x$fpl$fpinit)
    x$fpl$usenofp                            0x0000187a   Section        0  usenofp.o(x$fpl$usenofp)
    .bss                                     0x20000000   Section      228  rand.o(.bss)
    .bss                                     0x200000e4   Section       96  libspace.o(.bss)
    index1                                   0x20000144   Data           4  main.o(.bss.index1)
    [Anonymous Symbol]                       0x20000144   Section        0  main.o(.bss.index1)
    index2                                   0x20000148   Data           4  main.o(.bss.index2)
    [Anonymous Symbol]                       0x20000148   Section        0  main.o(.bss.index2)
    index3                                   0x2000014c   Data           4  main.o(.bss.index3)
    [Anonymous Symbol]                       0x2000014c   Section        0  main.o(.bss.index3)
    level                                    0x20000150   Data           1  main.o(.bss.level)
    [Anonymous Symbol]                       0x20000150   Section        0  main.o(.bss.level)
    lv1array                                 0x20000151   Data           2  main.o(.bss.lv1array)
    [Anonymous Symbol]                       0x20000151   Section        0  main.o(.bss.lv1array)
    lv1playerarr                             0x20000153   Data           2  main.o(.bss.lv1playerarr)
    [Anonymous Symbol]                       0x20000153   Section        0  main.o(.bss.lv1playerarr)
    lv2array                                 0x20000155   Data           3  main.o(.bss.lv2array)
    [Anonymous Symbol]                       0x20000155   Section        0  main.o(.bss.lv2array)
    lv2playerarr                             0x20000158   Data           3  main.o(.bss.lv2playerarr)
    [Anonymous Symbol]                       0x20000158   Section        0  main.o(.bss.lv2playerarr)
    lv3array                                 0x2000015b   Data           4  main.o(.bss.lv3array)
    [Anonymous Symbol]                       0x2000015b   Section        0  main.o(.bss.lv3array)
    lv3playerarr                             0x2000015f   Data           4  main.o(.bss.lv3playerarr)
    [Anonymous Symbol]                       0x2000015f   Section        0  main.o(.bss.lv3playerarr)
    ms_active                                0x20000163   Data           1  systick_delay.o(.bss.ms_active)
    [Anonymous Symbol]                       0x20000163   Section        0  systick_delay.o(.bss.ms_active)
    ms_elapsed                               0x20000164   Data           4  systick_delay.o(.bss.ms_elapsed)
    [Anonymous Symbol]                       0x20000164   Section        0  systick_delay.o(.bss.ms_elapsed)
    us_elapsed                               0x20000168   Data           4  systick_delay.o(.bss.us_elapsed)
    [Anonymous Symbol]                       0x20000168   Section        0  systick_delay.o(.bss.us_elapsed)
    Heap_Mem                                 0x20000170   Data           0  startup_tm4c123.o(HEAP)
    Stack_Mem                                0x20000170   Data         512  startup_tm4c123.o(STACK)
    HEAP                                     0x20000170   Section        0  startup_tm4c123.o(HEAP)
    STACK                                    0x20000170   Section      512  startup_tm4c123.o(STACK)
    __initial_sp                             0x20000370   Data           0  startup_tm4c123.o(STACK)

    Global Symbols

    Symbol Name                              Value     Ov Type        Size  Object(Section)

    BuildAttributes$$THM_ISAv4$E$P$D$K$B$S$7EM$VFPi3$EXTD16$VFPS$VFMA$PE$A:L22UL41UL21$X:L11$S22US41US21$IEEE1$IW$~IW$USESV6$~STKCKD$USESV7$~SHL$OSPACE$ROPI$EBA8$UX$STANDARDLIB$REQ8$PRES8$EABIv2 0x00000000   Number         0  anon$$obj.o ABSOLUTE
    __Vectors                                0x00000000   Data           4  startup_tm4c123.o(RESET)
    __ARM_exceptions_init                     - Undefined Weak Reference
    __alloca_initialize                       - Undefined Weak Reference
    __arm_preinit_                            - Undefined Weak Reference
    __arm_relocate_pie_                       - Undefined Weak Reference
    __cpp_initialize__aeabi_                  - Undefined Weak Reference
    __cxa_finalize                            - Undefined Weak Reference
    __rt_locale                               - Undefined Weak Reference
    __sigvec_lookup                           - Undefined Weak Reference
    _atexit_init                              - Undefined Weak Reference
    _call_atexit_fns                          - Undefined Weak Reference
    _clock_init                               - Undefined Weak Reference
    _fp_trap_init                             - Undefined Weak Reference
    _fp_trap_shutdown                         - Undefined Weak Reference
    _get_lc_collate                           - Undefined Weak Reference
    _get_lc_ctype                             - Undefined Weak Reference
    _get_lc_monetary                          - Undefined Weak Reference
    _get_lc_numeric                           - Undefined Weak Reference
    _get_lc_time                              - Undefined Weak Reference
    _getenv_init                              - Undefined Weak Reference
    _handle_redirection                       - Undefined Weak Reference
    _init_alloc                               - Undefined Weak Reference
    _init_user_alloc                          - Undefined Weak Reference
    _initio                                   - Undefined Weak Reference
    _signal_finish                            - Undefined Weak Reference
    _signal_init                              - Undefined Weak Reference
    _terminate_alloc                          - Undefined Weak Reference
    _terminate_user_alloc                     - Undefined Weak Reference
    _terminateio                              - Undefined Weak Reference
    __Vectors_End                            0x0000026c   Data           0  startup_tm4c123.o(RESET)
    __Vectors_Size                           0x0000026c   Number         0  startup_tm4c123.o ABSOLUTE
    __main                                   0x0000026d   Thumb Code     8  __main.o(!!!main)
    __scatterload                            0x00000275   Thumb Code     0  __scatter.o(!!!scatter)
    __scatterload_rt2                        0x00000275   Thumb Code    84  __scatter.o(!!!scatter)
    __scatterload_rt2_thumb_only             0x00000275   Thumb Code     0  __scatter.o(!!!scatter)
    __scatterload_loop                       0x0000027f   Thumb Code     0  __scatter.o(!!!scatter)
    __scatterload_null                       0x000002d1   Thumb Code     2  __scatter.o(!!handler_null)
    __scatterload_zeroinit                   0x000002d5   Thumb Code    28  __scatter_zi.o(!!handler_zi)
    __rt_lib_init                            0x000002f1   Thumb Code     0  libinit.o(.ARM.Collect$$libinit$$00000000)
    __rt_lib_init_fp_1                       0x000002f3   Thumb Code     0  libinit2.o(.ARM.Collect$$libinit$$00000001)
    __rt_lib_init_heap_1                     0x000002f7   Thumb Code     0  libinit2.o(.ARM.Collect$$libinit$$0000000C)
    __rt_lib_init_preinit_1                  0x000002f7   Thumb Code     0  libinit2.o(.ARM.Collect$$libinit$$00000006)
    __rt_lib_init_rand_2                     0x000002f7   Thumb Code     0  libinit2.o(.ARM.Collect$$libinit$$0000000F)
    __rt_lib_init_relocate_pie_1             0x000002f7   Thumb Code     0  libinit2.o(.ARM.Collect$$libinit$$00000004)
    __rt_lib_init_user_alloc_1               0x000002f7   Thumb Code     0  libinit2.o(.ARM.Collect$$libinit$$0000000E)
    __rt_lib_init_alloca_1                   0x000002fb   Thumb Code     0  libinit2.o(.ARM.Collect$$libinit$$00000030)
    __rt_lib_init_argv_1                     0x000002fb   Thumb Code     0  libinit2.o(.ARM.Collect$$libinit$$0000002E)
    __rt_lib_init_atexit_1                   0x000002fb   Thumb Code     0  libinit2.o(.ARM.Collect$$libinit$$0000001D)
    __rt_lib_init_clock_1                    0x000002fb   Thumb Code     0  libinit2.o(.ARM.Collect$$libinit$$00000023)
    __rt_lib_init_cpp_1                      0x000002fb   Thumb Code     0  libinit2.o(.ARM.Collect$$libinit$$00000034)
    __rt_lib_init_exceptions_1               0x000002fb   Thumb Code     0  libinit2.o(.ARM.Collect$$libinit$$00000032)
    __rt_lib_init_fp_trap_1                  0x000002fb   Thumb Code     0  libinit2.o(.ARM.Collect$$libinit$$00000021)
    __rt_lib_init_getenv_1                   0x000002fb   Thumb Code     0  libinit2.o(.ARM.Collect$$libinit$$00000025)
    __rt_lib_init_lc_collate_1               0x000002fb   Thumb Code     0  libinit2.o(.ARM.Collect$$libinit$$00000013)
    __rt_lib_init_lc_ctype_1                 0x000002fb   Thumb Code     0  libinit2.o(.ARM.Collect$$libinit$$00000015)
    __rt_lib_init_lc_monetary_1              0x000002fb   Thumb Code     0  libinit2.o(.ARM.Collect$$libinit$$00000017)
    __rt_lib_init_lc_numeric_1               0x000002fb   Thumb Code     0  libinit2.o(.ARM.Collect$$libinit$$00000019)
    __rt_lib_init_lc_time_1                  0x000002fb   Thumb Code     0  libinit2.o(.ARM.Collect$$libinit$$0000001B)
    __rt_lib_init_rand_1                     0x000002fb   Thumb Code     0  libinit2.o(.ARM.Collect$$libinit$$00000010)
    __rt_lib_init_return                     0x000002fb   Thumb Code     0  libinit2.o(.ARM.Collect$$libinit$$00000035)
    __rt_lib_init_signal_1                   0x000002fb   Thumb Code     0  libinit2.o(.ARM.Collect$$libinit$$0000001F)
    __rt_lib_init_stdio_1                    0x000002fb   Thumb Code     0  libinit2.o(.ARM.Collect$$libinit$$00000027)
    __rt_lib_shutdown                        0x000002fd   Thumb Code     0  libshutdown.o(.ARM.Collect$$libshutdown$$00000000)
    __rt_lib_shutdown_cpp_1                  0x000002ff   Thumb Code     0  libshutdown2.o(.ARM.Collect$$libshutdown$$00000002)
    __rt_lib_shutdown_fp_trap_1              0x000002ff   Thumb Code     0  libshutdown2.o(.ARM.Collect$$libshutdown$$00000007)
    __rt_lib_shutdown_heap_1                 0x000002ff   Thumb Code     0  libshutdown2.o(.ARM.Collect$$libshutdown$$0000000F)
    __rt_lib_shutdown_return                 0x000002ff   Thumb Code     0  libshutdown2.o(.ARM.Collect$$libshutdown$$00000010)
    __rt_lib_shutdown_signal_1               0x000002ff   Thumb Code     0  libshutdown2.o(.ARM.Collect$$libshutdown$$0000000A)
    __rt_lib_shutdown_stdio_1                0x000002ff   Thumb Code     0  libshutdown2.o(.ARM.Collect$$libshutdown$$00000004)
    __rt_lib_shutdown_user_alloc_1           0x000002ff   Thumb Code     0  libshutdown2.o(.ARM.Collect$$libshutdown$$0000000C)
    __rt_entry                               0x00000301   Thumb Code     0  __rtentry.o(.ARM.Collect$$rtentry$$00000000)
    __rt_entry_presh_1                       0x00000301   Thumb Code     0  __rtentry2.o(.ARM.Collect$$rtentry$$00000002)
    __rt_entry_sh                            0x00000301   Thumb Code     0  __rtentry4.o(.ARM.Collect$$rtentry$$00000004)
    __rt_entry_li                            0x00000307   Thumb Code     0  __rtentry2.o(.ARM.Collect$$rtentry$$0000000A)
    __rt_entry_postsh_1                      0x00000307   Thumb Code     0  __rtentry2.o(.ARM.Collect$$rtentry$$00000009)
    __rt_entry_main                          0x0000030b   Thumb Code     0  __rtentry2.o(.ARM.Collect$$rtentry$$0000000D)
    __rt_entry_postli_1                      0x0000030b   Thumb Code     0  __rtentry2.o(.ARM.Collect$$rtentry$$0000000C)
    __rt_exit                                0x00000313   Thumb Code     0  rtexit.o(.ARM.Collect$$rtexit$$00000000)
    __rt_exit_ls                             0x00000315   Thumb Code     0  rtexit2.o(.ARM.Collect$$rtexit$$00000003)
    __rt_exit_prels_1                        0x00000315   Thumb Code     0  rtexit2.o(.ARM.Collect$$rtexit$$00000002)
    __rt_exit_exit                           0x00000319   Thumb Code     0  rtexit2.o(.ARM.Collect$$rtexit$$00000004)
    rand                                     0x00000321   Thumb Code    48  rand.o(.emb_text)
    Reset_Handler                            0x00000355   Thumb Code     8  startup_tm4c123.o(.text)
    NMI_Handler                              0x0000035d   Thumb Code     2  startup_tm4c123.o(.text)
    HardFault_Handler                        0x0000035f   Thumb Code     2  startup_tm4c123.o(.text)
    MemManage_Handler                        0x00000361   Thumb Code     2  startup_tm4c123.o(.text)
    BusFault_Handler                         0x00000363   Thumb Code     2  startup_tm4c123.o(.text)
    UsageFault_Handler                       0x00000365   Thumb Code     2  startup_tm4c123.o(.text)
    SVC_Handler                              0x00000367   Thumb Code     2  startup_tm4c123.o(.text)
    DebugMon_Handler                         0x00000369   Thumb Code     2  startup_tm4c123.o(.text)
    PendSV_Handler                           0x0000036b   Thumb Code     2  startup_tm4c123.o(.text)
    GPIOA_Handler                            0x0000036f   Thumb Code     2  startup_tm4c123.o(.text)
    GPIOB_Handler                            0x00000371   Thumb Code     2  startup_tm4c123.o(.text)
    GPIOC_Handler                            0x00000373   Thumb Code     2  startup_tm4c123.o(.text)
    GPIOD_Handler                            0x00000375   Thumb Code     2  startup_tm4c123.o(.text)
    GPIOE_Handler                            0x00000377   Thumb Code     2  startup_tm4c123.o(.text)
    UART0_Handler                            0x00000379   Thumb Code     2  startup_tm4c123.o(.text)
    UART1_Handler                            0x0000037b   Thumb Code     2  startup_tm4c123.o(.text)
    SSI0_Handler                             0x0000037d   Thumb Code     2  startup_tm4c123.o(.text)
    I2C0_Handler                             0x0000037f   Thumb Code     2  startup_tm4c123.o(.text)
    PMW0_FAULT_Handler                       0x00000381   Thumb Code     2  startup_tm4c123.o(.text)
    PWM0_0_Handler                           0x00000383   Thumb Code     2  startup_tm4c123.o(.text)
    PWM0_1_Handler                           0x00000385   Thumb Code     2  startup_tm4c123.o(.text)
    PWM0_2_Handler                           0x00000387   Thumb Code     2  startup_tm4c123.o(.text)
    QEI0_Handler                             0x00000389   Thumb Code     2  startup_tm4c123.o(.text)
    ADC0SS0_Handler                          0x0000038b   Thumb Code     2  startup_tm4c123.o(.text)
    ADC0SS1_Handler                          0x0000038d   Thumb Code     2  startup_tm4c123.o(.text)
    ADC0SS2_Handler                          0x0000038f   Thumb Code     2  startup_tm4c123.o(.text)
    ADC0SS3_Handler                          0x00000391   Thumb Code     2  startup_tm4c123.o(.text)
    WDT0_Handler                             0x00000393   Thumb Code     2  startup_tm4c123.o(.text)
    TIMER0A_Handler                          0x00000395   Thumb Code     2  startup_tm4c123.o(.text)
    TIMER0B_Handler                          0x00000397   Thumb Code     2  startup_tm4c123.o(.text)
    TIMER1A_Handler                          0x00000399   Thumb Code     2  startup_tm4c123.o(.text)
    TIMER1B_Handler                          0x0000039b   Thumb Code     2  startup_tm4c123.o(.text)
    TIMER2A_Handler                          0x0000039d   Thumb Code     2  startup_tm4c123.o(.text)
    TIMER2B_Handler                          0x0000039f   Thumb Code     2  startup_tm4c123.o(.text)
    COMP0_Handler                            0x000003a1   Thumb Code     2  startup_tm4c123.o(.text)
    COMP1_Handler                            0x000003a3   Thumb Code     2  startup_tm4c123.o(.text)
    COMP2_Handler                            0x000003a5   Thumb Code     2  startup_tm4c123.o(.text)
    SYSCTL_Handler                           0x000003a7   Thumb Code     2  startup_tm4c123.o(.text)
    FLASH_Handler                            0x000003a9   Thumb Code     2  startup_tm4c123.o(.text)
    GPIOF_Handler                            0x000003ab   Thumb Code     2  startup_tm4c123.o(.text)
    GPIOG_Handler                            0x000003ad   Thumb Code     2  startup_tm4c123.o(.text)
    GPIOH_Handler                            0x000003af   Thumb Code     2  startup_tm4c123.o(.text)
    UART2_Handler                            0x000003b1   Thumb Code     2  startup_tm4c123.o(.text)
    SSI1_Handler                             0x000003b3   Thumb Code     2  startup_tm4c123.o(.text)
    TIMER3A_Handler                          0x000003b5   Thumb Code     2  startup_tm4c123.o(.text)
    TIMER3B_Handler                          0x000003b7   Thumb Code     2  startup_tm4c123.o(.text)
    I2C1_Handler                             0x000003b9   Thumb Code     2  startup_tm4c123.o(.text)
    QEI1_Handler                             0x000003bb   Thumb Code     2  startup_tm4c123.o(.text)
    CAN0_Handler                             0x000003bd   Thumb Code     2  startup_tm4c123.o(.text)
    CAN1_Handler                             0x000003bf   Thumb Code     2  startup_tm4c123.o(.text)
    CAN2_Handler                             0x000003c1   Thumb Code     2  startup_tm4c123.o(.text)
    HIB_Handler                              0x000003c3   Thumb Code     2  startup_tm4c123.o(.text)
    USB0_Handler                             0x000003c5   Thumb Code     2  startup_tm4c123.o(.text)
    PWM0_3_Handler                           0x000003c7   Thumb Code     2  startup_tm4c123.o(.text)
    UDMA_Handler                             0x000003c9   Thumb Code     2  startup_tm4c123.o(.text)
    UDMAERR_Handler                          0x000003cb   Thumb Code     2  startup_tm4c123.o(.text)
    ADC1SS0_Handler                          0x000003cd   Thumb Code     2  startup_tm4c123.o(.text)
    ADC1SS1_Handler                          0x000003cf   Thumb Code     2  startup_tm4c123.o(.text)
    ADC1SS2_Handler                          0x000003d1   Thumb Code     2  startup_tm4c123.o(.text)
    ADC1SS3_Handler                          0x000003d3   Thumb Code     2  startup_tm4c123.o(.text)
    GPIOJ_Handler                            0x000003d5   Thumb Code     2  startup_tm4c123.o(.text)
    GPIOK_Handler                            0x000003d7   Thumb Code     2  startup_tm4c123.o(.text)
    GPIOL_Handler                            0x000003d9   Thumb Code     2  startup_tm4c123.o(.text)
    SSI2_Handler                             0x000003db   Thumb Code     2  startup_tm4c123.o(.text)
    SSI3_Handler                             0x000003dd   Thumb Code     2  startup_tm4c123.o(.text)
    UART3_Handler                            0x000003df   Thumb Code     2  startup_tm4c123.o(.text)
    UART4_Handler                            0x000003e1   Thumb Code     2  startup_tm4c123.o(.text)
    UART5_Handler                            0x000003e3   Thumb Code     2  startup_tm4c123.o(.text)
    UART6_Handler                            0x000003e5   Thumb Code     2  startup_tm4c123.o(.text)
    UART7_Handler                            0x000003e7   Thumb Code     2  startup_tm4c123.o(.text)
    I2C2_Handler                             0x000003e9   Thumb Code     2  startup_tm4c123.o(.text)
    I2C3_Handler                             0x000003eb   Thumb Code     2  startup_tm4c123.o(.text)
    TIMER4A_Handler                          0x000003ed   Thumb Code     2  startup_tm4c123.o(.text)
    TIMER4B_Handler                          0x000003ef   Thumb Code     2  startup_tm4c123.o(.text)
    TIMER5A_Handler                          0x000003f1   Thumb Code     2  startup_tm4c123.o(.text)
    TIMER5B_Handler                          0x000003f3   Thumb Code     2  startup_tm4c123.o(.text)
    WTIMER0A_Handler                         0x000003f5   Thumb Code     2  startup_tm4c123.o(.text)
    WTIMER0B_Handler                         0x000003f7   Thumb Code     2  startup_tm4c123.o(.text)
    WTIMER1A_Handler                         0x000003f9   Thumb Code     2  startup_tm4c123.o(.text)
    WTIMER1B_Handler                         0x000003fb   Thumb Code     2  startup_tm4c123.o(.text)
    WTIMER2A_Handler                         0x000003fd   Thumb Code     2  startup_tm4c123.o(.text)
    WTIMER2B_Handler                         0x000003ff   Thumb Code     2  startup_tm4c123.o(.text)
    WTIMER3A_Handler                         0x00000401   Thumb Code     2  startup_tm4c123.o(.text)
    WTIMER3B_Handler                         0x00000403   Thumb Code     2  startup_tm4c123.o(.text)
    WTIMER4A_Handler                         0x00000405   Thumb Code     2  startup_tm4c123.o(.text)
    WTIMER4B_Handler                         0x00000407   Thumb Code     2  startup_tm4c123.o(.text)
    WTIMER5A_Handler                         0x00000409   Thumb Code     2  startup_tm4c123.o(.text)
    WTIMER5B_Handler                         0x0000040b   Thumb Code     2  startup_tm4c123.o(.text)
    FPU_Handler                              0x0000040d   Thumb Code     2  startup_tm4c123.o(.text)
    I2C4_Handler                             0x0000040f   Thumb Code     2  startup_tm4c123.o(.text)
    I2C5_Handler                             0x00000411   Thumb Code     2  startup_tm4c123.o(.text)
    GPIOM_Handler                            0x00000413   Thumb Code     2  startup_tm4c123.o(.text)
    GPION_Handler                            0x00000415   Thumb Code     2  startup_tm4c123.o(.text)
    QEI2_Handler                             0x00000417   Thumb Code     2  startup_tm4c123.o(.text)
    GPIOP0_Handler                           0x00000419   Thumb Code     2  startup_tm4c123.o(.text)
    GPIOP1_Handler                           0x0000041b   Thumb Code     2  startup_tm4c123.o(.text)
    GPIOP2_Handler                           0x0000041d   Thumb Code     2  startup_tm4c123.o(.text)
    GPIOP3_Handler                           0x0000041f   Thumb Code     2  startup_tm4c123.o(.text)
    GPIOP4_Handler                           0x00000421   Thumb Code     2  startup_tm4c123.o(.text)
    GPIOP5_Handler                           0x00000423   Thumb Code     2  startup_tm4c123.o(.text)
    GPIOP6_Handler                           0x00000425   Thumb Code     2  startup_tm4c123.o(.text)
    GPIOP7_Handler                           0x00000427   Thumb Code     2  startup_tm4c123.o(.text)
    GPIOQ0_Handler                           0x00000429   Thumb Code     2  startup_tm4c123.o(.text)
    GPIOQ1_Handler                           0x0000042b   Thumb Code     2  startup_tm4c123.o(.text)
    GPIOQ2_Handler                           0x0000042d   Thumb Code     2  startup_tm4c123.o(.text)
    GPIOQ3_Handler                           0x0000042f   Thumb Code     2  startup_tm4c123.o(.text)
    GPIOQ4_Handler                           0x00000431   Thumb Code     2  startup_tm4c123.o(.text)
    GPIOQ5_Handler                           0x00000433   Thumb Code     2  startup_tm4c123.o(.text)
    GPIOQ6_Handler                           0x00000435   Thumb Code     2  startup_tm4c123.o(.text)
    GPIOQ7_Handler                           0x00000437   Thumb Code     2  startup_tm4c123.o(.text)
    GPIOR_Handler                            0x00000439   Thumb Code     2  startup_tm4c123.o(.text)
    GPIOS_Handler                            0x0000043b   Thumb Code     2  startup_tm4c123.o(.text)
    PMW1_0_Handler                           0x0000043d   Thumb Code     2  startup_tm4c123.o(.text)
    PWM1_1_Handler                           0x0000043f   Thumb Code     2  startup_tm4c123.o(.text)
    PWM1_2_Handler                           0x00000441   Thumb Code     2  startup_tm4c123.o(.text)
    PWM1_3_Handler                           0x00000443   Thumb Code     2  startup_tm4c123.o(.text)
    PWM1_FAULT_Handler                       0x00000445   Thumb Code     2  startup_tm4c123.o(.text)
    __user_initial_stackheap                 0x00000449   Thumb Code     0  startup_tm4c123.o(.text)
    srand                                    0x00000469   Thumb Code    42  rand.o(.text)
    _rand_init                               0x00000493   Thumb Code     4  rand.o(.text)
    __use_two_region_memory                  0x000004a5   Thumb Code     2  heapauxi.o(.text)
    __rt_heap_escrow$2region                 0x000004a7   Thumb Code     2  heapauxi.o(.text)
    __rt_heap_expand$2region                 0x000004a9   Thumb Code     2  heapauxi.o(.text)
    __user_setup_stackheap                   0x000004ab   Thumb Code    74  sys_stackheap_outer.o(.text)
    exit                                     0x000004f5   Thumb Code    18  exit.o(.text)
    __user_libspace                          0x00000509   Thumb Code     8  libspace.o(.text)
    __user_perproc_libspace                  0x00000509   Thumb Code     0  libspace.o(.text)
    __user_perthread_libspace                0x00000509   Thumb Code     0  libspace.o(.text)
    __I$use$semihosting                      0x00000511   Thumb Code     0  use_no_semi.o(.text)
    __use_no_semihosting_swi                 0x00000511   Thumb Code     2  use_no_semi.o(.text)
    __semihosting_library_function           0x00000513   Thumb Code     0  indicate_semi.o(.text)
    _sys_exit                                0x00000515   Thumb Code     8  sys_exit.o(.text)
    BEAT_GAME                                0x00000521   Thumb Code    42  main.o(.text.BEAT_GAME)
    Buzzer_Init                              0x0000054d   Thumb Code    66  buzzer.o(.text.Buzzer_Init)
    Buzzer_Output                            0x00000591   Thumb Code    32  buzzer.o(.text.Buzzer_Output)
    Count_Digits                             0x000005b1   Thumb Code    52  seven_segment_display.o(.text.Count_Digits)
    EduBase_Button_Init                      0x000005e5   Thumb Code    66  gpio.o(.text.EduBase_Button_Init)
    EduBase_LEDs_Init                        0x00000629   Thumb Code    82  gpio.o(.text.EduBase_LEDs_Init)
    EduBase_LEDs_Output                      0x0000067d   Thumb Code    32  gpio.o(.text.EduBase_LEDs_Output)
    Generate_Sequence                        0x0000069d   Thumb Code   170  main.o(.text.Generate_Sequence)
    Get_EduBase_Button_Status                0x00000749   Thumb Code    28  gpio.o(.text.Get_EduBase_Button_Status)
    LED_Sound_Link                           0x00000765   Thumb Code   156  main.o(.text.LED_Sound_Link)
    LEVEL_FAIL                               0x00000801   Thumb Code   108  main.o(.text.LEVEL_FAIL)
    LEVEL_PASS                               0x0000086d   Thumb Code   110  main.o(.text.LEVEL_PASS)
    Level_Config                             0x000008dd   Thumb Code   314  main.o(.text.Level_Config)
    Play_Note                                0x00000a19   Thumb Code   128  buzzer.o(.text.Play_Note)
    Player_SeqConv                           0x00000aa9   Thumb Code    80  main.o(.text.Player_SeqConv)
    Player_Sequence                          0x00000af9   Thumb Code   514  main.o(.text.Player_Sequence)
    RESET_GAME                               0x00000cfd   Thumb Code   198  main.o(.text.RESET_GAME)
    RGB_LED_Init                             0x00000dc5   Thumb Code    82  gpio.o(.text.RGB_LED_Init)
    RGB_LED_Output                           0x00000e19   Thumb Code    32  gpio.o(.text.RGB_LED_Output)
    SSI2_Write                               0x00000e39   Thumb Code    78  seven_segment_display.o(.text.SSI2_Write)
    Sequence_Check                           0x00000e89   Thumb Code   290  main.o(.text.Sequence_Check)
    Seven_Segment_Display                    0x00000fad   Thumb Code   152  seven_segment_display.o(.text.Seven_Segment_Display)
    Seven_Segment_Display_Init               0x00001045   Thumb Code   228  seven_segment_display.o(.text.Seven_Segment_Display_Init)
    SysTick_Delay1ms                         0x00001129   Thumb Code    76  systick_delay.o(.text.SysTick_Delay1ms)
    SysTick_Delay1us                         0x00001175   Thumb Code    42  systick_delay.o(.text.SysTick_Delay1us)
    SysTick_Delay_Init                       0x000011a1   Thumb Code    42  systick_delay.o(.text.SysTick_Delay_Init)
    SysTick_Handler                          0x000011cd   Thumb Code    70  systick_delay.o(.text.SysTick_Handler)
    SystemInit                               0x00001215   Thumb Code   268  system_tm4c123.o(.text.SystemInit)
    main                                     0x00001321   Thumb Code    44  main.o(.text.main)
    __aeabi_ddiv                             0x0000134d   Thumb Code     0  ddiv.o(x$fpl$ddiv)
    _ddiv                                    0x0000134d   Thumb Code   560  ddiv.o(x$fpl$ddiv)
    __aeabi_d2iz                             0x00001605   Thumb Code     0  dfix.o(x$fpl$dfix)
    _dfix                                    0x00001605   Thumb Code    94  dfix.o(x$fpl$dfix)
    __aeabi_dmul                             0x00001665   Thumb Code     0  dmul.o(x$fpl$dmul)
    _dmul                                    0x00001665   Thumb Code   332  dmul.o(x$fpl$dmul)
    __fpl_dnaninf                            0x000017b9   Thumb Code   156  dnaninf.o(x$fpl$dnaninf)
    __fpl_dretinf                            0x00001855   Thumb Code    12  dretinf.o(x$fpl$dretinf)
    _fp_init                                 0x00001861   Thumb Code    26  fpinit.o(x$fpl$fpinit)
    __fplib_config_fpu_vfp                   0x00001879   Thumb Code     0  fpinit.o(x$fpl$fpinit)
    __fplib_config_pureend_doubles           0x00001879   Thumb Code     0  fpinit.o(x$fpl$fpinit)
    __I$use$fp                               0x0000187a   Number         0  usenofp.o(x$fpl$usenofp)
    A4_NOTE                                  0x00001880   Data           8  buzzer.o(.rodata.A4_NOTE)
    B4_NOTE                                  0x00001888   Data           8  buzzer.o(.rodata.B4_NOTE)
    C5_NOTE                                  0x00001890   Data           8  buzzer.o(.rodata.C5_NOTE)
    EDUBASE_LED_ALL_OFF                      0x00001898   Data           1  gpio.o(.rodata.EDUBASE_LED_ALL_OFF)
    EDUBASE_LED_ALL_ON                       0x00001899   Data           1  gpio.o(.rodata.EDUBASE_LED_ALL_ON)
    G4_NOTE                                  0x000018a0   Data           8  buzzer.o(.rodata.G4_NOTE)
    RGB_LED_BLUE                             0x000018a8   Data           1  gpio.o(.rodata.RGB_LED_BLUE)
    RGB_LED_GREEN                            0x000018a9   Data           1  gpio.o(.rodata.RGB_LED_GREEN)
    RGB_LED_OFF                              0x000018aa   Data           1  gpio.o(.rodata.RGB_LED_OFF)
    RGB_LED_RED                              0x000018ab   Data           1  gpio.o(.rodata.RGB_LED_RED)
    number_pattern                           0x000018ac   Data          16  seven_segment_display.o(.rodata.number_pattern)
    Region$$Table$$Base                      0x000018bc   Number         0  anon$$obj.o(Region$$Table)
    Region$$Table$$Limit                     0x000018cc   Number         0  anon$$obj.o(Region$$Table)
    _random_number_data                      0x20000000   Data         228  rand.o(.bss)
    __libspace_start                         0x200000e4   Data          96  libspace.o(.bss)
    __temporary_stack_top$libspace           0x20000144   Data           0  libspace.o(.bss)



==============================================================================

Memory Map of the image

  Image Entry point : 0x00000355

  Load Region LR_1 (Base: 0x00000000, Size: 0x000018cc, Max: 0xffffffff, ABSOLUTE)

    Execution Region ER_RO (Exec base: 0x00000000, Load base: 0x00000000, Size: 0x000018cc, Max: 0xffffffff, ABSOLUTE)

    Exec Addr    Load Addr    Size         Type   Attr      Idx    E Section Name        Object

    0x00000000   0x00000000   0x0000026c   Data   RO          129    RESET               startup_tm4c123.o
    0x0000026c   0x0000026c   0x00000008   Code   RO          159  * !!!main             c_w.l(__main.o)
    0x00000274   0x00000274   0x0000005c   Code   RO          339    !!!scatter          c_w.l(__scatter.o)
    0x000002d0   0x000002d0   0x00000002   Code   RO          340    !!handler_null      c_w.l(__scatter.o)
    0x000002d2   0x000002d2   0x00000002   PAD
    0x000002d4   0x000002d4   0x0000001c   Code   RO          343    !!handler_zi        c_w.l(__scatter_zi.o)
    0x000002f0   0x000002f0   0x00000002   Code   RO          256    .ARM.Collect$$libinit$$00000000  c_w.l(libinit.o)
    0x000002f2   0x000002f2   0x00000004   Code   RO          172    .ARM.Collect$$libinit$$00000001  c_w.l(libinit2.o)
    0x000002f6   0x000002f6   0x00000000   Code   RO          175    .ARM.Collect$$libinit$$00000004  c_w.l(libinit2.o)
    0x000002f6   0x000002f6   0x00000000   Code   RO          177    .ARM.Collect$$libinit$$00000006  c_w.l(libinit2.o)
    0x000002f6   0x000002f6   0x00000000   Code   RO          180    .ARM.Collect$$libinit$$0000000C  c_w.l(libinit2.o)
    0x000002f6   0x000002f6   0x00000000   Code   RO          182    .ARM.Collect$$libinit$$0000000E  c_w.l(libinit2.o)
    0x000002f6   0x000002f6   0x00000004   Code   RO          183    .ARM.Collect$$libinit$$0000000F  c_w.l(libinit2.o)
    0x000002fa   0x000002fa   0x00000000   Code   RO          184    .ARM.Collect$$libinit$$00000010  c_w.l(libinit2.o)
    0x000002fa   0x000002fa   0x00000000   Code   RO          187    .ARM.Collect$$libinit$$00000013  c_w.l(libinit2.o)
    0x000002fa   0x000002fa   0x00000000   Code   RO          189    .ARM.Collect$$libinit$$00000015  c_w.l(libinit2.o)
    0x000002fa   0x000002fa   0x00000000   Code   RO          191    .ARM.Collect$$libinit$$00000017  c_w.l(libinit2.o)
    0x000002fa   0x000002fa   0x00000000   Code   RO          193    .ARM.Collect$$libinit$$00000019  c_w.l(libinit2.o)
    0x000002fa   0x000002fa   0x00000000   Code   RO          195    .ARM.Collect$$libinit$$0000001B  c_w.l(libinit2.o)
    0x000002fa   0x000002fa   0x00000000   Code   RO          197    .ARM.Collect$$libinit$$0000001D  c_w.l(libinit2.o)
    0x000002fa   0x000002fa   0x00000000   Code   RO          199    .ARM.Collect$$libinit$$0000001F  c_w.l(libinit2.o)
    0x000002fa   0x000002fa   0x00000000   Code   RO          201    .ARM.Collect$$libinit$$00000021  c_w.l(libinit2.o)
    0x000002fa   0x000002fa   0x00000000   Code   RO          203    .ARM.Collect$$libinit$$00000023  c_w.l(libinit2.o)
    0x000002fa   0x000002fa   0x00000000   Code   RO          205    .ARM.Collect$$libinit$$00000025  c_w.l(libinit2.o)
    0x000002fa   0x000002fa   0x00000000   Code   RO          207    .ARM.Collect$$libinit$$00000027  c_w.l(libinit2.o)
    0x000002fa   0x000002fa   0x00000000   Code   RO          211    .ARM.Collect$$libinit$$0000002E  c_w.l(libinit2.o)
    0x000002fa   0x000002fa   0x00000000   Code   RO          213    .ARM.Collect$$libinit$$00000030  c_w.l(libinit2.o)
    0x000002fa   0x000002fa   0x00000000   Code   RO          215    .ARM.Collect$$libinit$$00000032  c_w.l(libinit2.o)
    0x000002fa   0x000002fa   0x00000000   Code   RO          217    .ARM.Collect$$libinit$$00000034  c_w.l(libinit2.o)
    0x000002fa   0x000002fa   0x00000002   Code   RO          218    .ARM.Collect$$libinit$$00000035  c_w.l(libinit2.o)
    0x000002fc   0x000002fc   0x00000002   Code   RO          298    .ARM.Collect$$libshutdown$$00000000  c_w.l(libshutdown.o)
    0x000002fe   0x000002fe   0x00000000   Code   RO          306    .ARM.Collect$$libshutdown$$00000002  c_w.l(libshutdown2.o)
    0x000002fe   0x000002fe   0x00000000   Code   RO          308    .ARM.Collect$$libshutdown$$00000004  c_w.l(libshutdown2.o)
    0x000002fe   0x000002fe   0x00000000   Code   RO          311    .ARM.Collect$$libshutdown$$00000007  c_w.l(libshutdown2.o)
    0x000002fe   0x000002fe   0x00000000   Code   RO          314    .ARM.Collect$$libshutdown$$0000000A  c_w.l(libshutdown2.o)
    0x000002fe   0x000002fe   0x00000000   Code   RO          316    .ARM.Collect$$libshutdown$$0000000C  c_w.l(libshutdown2.o)
    0x000002fe   0x000002fe   0x00000000   Code   RO          319    .ARM.Collect$$libshutdown$$0000000F  c_w.l(libshutdown2.o)
    0x000002fe   0x000002fe   0x00000002   Code   RO          320    .ARM.Collect$$libshutdown$$00000010  c_w.l(libshutdown2.o)
    0x00000300   0x00000300   0x00000000   Code   RO          171    .ARM.Collect$$rtentry$$00000000  c_w.l(__rtentry.o)
    0x00000300   0x00000300   0x00000000   Code   RO          225    .ARM.Collect$$rtentry$$00000002  c_w.l(__rtentry2.o)
    0x00000300   0x00000300   0x00000006   Code   RO          237    .ARM.Collect$$rtentry$$00000004  c_w.l(__rtentry4.o)
    0x00000306   0x00000306   0x00000000   Code   RO          227    .ARM.Collect$$rtentry$$00000009  c_w.l(__rtentry2.o)
    0x00000306   0x00000306   0x00000004   Code   RO          228    .ARM.Collect$$rtentry$$0000000A  c_w.l(__rtentry2.o)
    0x0000030a   0x0000030a   0x00000000   Code   RO          230    .ARM.Collect$$rtentry$$0000000C  c_w.l(__rtentry2.o)
    0x0000030a   0x0000030a   0x00000008   Code   RO          231    .ARM.Collect$$rtentry$$0000000D  c_w.l(__rtentry2.o)
    0x00000312   0x00000312   0x00000002   Code   RO          264    .ARM.Collect$$rtexit$$00000000  c_w.l(rtexit.o)
    0x00000314   0x00000314   0x00000000   Code   RO          276    .ARM.Collect$$rtexit$$00000002  c_w.l(rtexit2.o)
    0x00000314   0x00000314   0x00000004   Code   RO          277    .ARM.Collect$$rtexit$$00000003  c_w.l(rtexit2.o)
    0x00000318   0x00000318   0x00000006   Code   RO          278    .ARM.Collect$$rtexit$$00000004  c_w.l(rtexit2.o)
    0x0000031e   0x0000031e   0x00000002   PAD
    0x00000320   0x00000320   0x00000034   Code   RO          152    .emb_text           c_w.l(rand.o)
    0x00000354   0x00000354   0x00000114   Code   RO          130  * .text               startup_tm4c123.o
    0x00000468   0x00000468   0x0000003c   Code   RO          153    .text               c_w.l(rand.o)
    0x000004a4   0x000004a4   0x00000006   Code   RO          157    .text               c_w.l(heapauxi.o)
    0x000004aa   0x000004aa   0x0000004a   Code   RO          243    .text               c_w.l(sys_stackheap_outer.o)
    0x000004f4   0x000004f4   0x00000012   Code   RO          245    .text               c_w.l(exit.o)
    0x00000506   0x00000506   0x00000002   PAD
    0x00000508   0x00000508   0x00000008   Code   RO          261    .text               c_w.l(libspace.o)
    0x00000510   0x00000510   0x00000002   Code   RO          272    .text               c_w.l(use_no_semi.o)
    0x00000512   0x00000512   0x00000000   Code   RO          274    .text               c_w.l(indicate_semi.o)
    0x00000512   0x00000512   0x00000002   PAD
    0x00000514   0x00000514   0x0000000c   Code   RO          288    .text               c_w.l(sys_exit.o)
    0x00000520   0x00000520   0x0000002a   Code   RO           20    .text.BEAT_GAME     main.o
    0x0000054a   0x0000054a   0x00000002   PAD
    0x0000054c   0x0000054c   0x00000042   Code   RO           89    .text.Buzzer_Init   buzzer.o
    0x0000058e   0x0000058e   0x00000002   PAD
    0x00000590   0x00000590   0x00000020   Code   RO           91    .text.Buzzer_Output  buzzer.o
    0x000005b0   0x000005b0   0x00000034   Code   RO          116    .text.Count_Digits  seven_segment_display.o
    0x000005e4   0x000005e4   0x00000042   Code   RO           54    .text.EduBase_Button_Init  gpio.o
    0x00000626   0x00000626   0x00000002   PAD
    0x00000628   0x00000628   0x00000052   Code   RO           50    .text.EduBase_LEDs_Init  gpio.o
    0x0000067a   0x0000067a   0x00000002   PAD
    0x0000067c   0x0000067c   0x00000020   Code   RO           52    .text.EduBase_LEDs_Output  gpio.o
    0x0000069c   0x0000069c   0x000000aa   Code   RO            4    .text.Generate_Sequence  main.o
    0x00000746   0x00000746   0x00000002   PAD
    0x00000748   0x00000748   0x0000001c   Code   RO           56    .text.Get_EduBase_Button_Status  gpio.o
    0x00000764   0x00000764   0x0000009c   Code   RO            8    .text.LED_Sound_Link  main.o
    0x00000800   0x00000800   0x0000006c   Code   RO           16    .text.LEVEL_FAIL    main.o
    0x0000086c   0x0000086c   0x0000006e   Code   RO           18    .text.LEVEL_PASS    main.o
    0x000008da   0x000008da   0x00000002   PAD
    0x000008dc   0x000008dc   0x0000013a   Code   RO            6    .text.Level_Config  main.o
    0x00000a16   0x00000a16   0x00000002   PAD
    0x00000a18   0x00000a18   0x00000090   Code   RO           93    .text.Play_Note     buzzer.o
    0x00000aa8   0x00000aa8   0x00000050   Code   RO           14    .text.Player_SeqConv  main.o
    0x00000af8   0x00000af8   0x00000202   Code   RO           10    .text.Player_Sequence  main.o
    0x00000cfa   0x00000cfa   0x00000002   PAD
    0x00000cfc   0x00000cfc   0x000000c6   Code   RO           22    .text.RESET_GAME    main.o
    0x00000dc2   0x00000dc2   0x00000002   PAD
    0x00000dc4   0x00000dc4   0x00000052   Code   RO           44    .text.RGB_LED_Init  gpio.o
    0x00000e16   0x00000e16   0x00000002   PAD
    0x00000e18   0x00000e18   0x00000020   Code   RO           46    .text.RGB_LED_Output  gpio.o
    0x00000e38   0x00000e38   0x0000004e   Code   RO          114    .text.SSI2_Write    seven_segment_display.o
    0x00000e86   0x00000e86   0x00000002   PAD
    0x00000e88   0x00000e88   0x00000122   Code   RO           12    .text.Sequence_Check  main.o
    0x00000faa   0x00000faa   0x00000002   PAD
    0x00000fac   0x00000fac   0x00000098   Code   RO          118    .text.Seven_Segment_Display  seven_segment_display.o
    0x00001044   0x00001044   0x000000e4   Code   RO          112    .text.Seven_Segment_Display_Init  seven_segment_display.o
    0x00001128   0x00001128   0x0000004c   Code   RO           75    .text.SysTick_Delay1ms  systick_delay.o
    0x00001174   0x00001174   0x0000002a   Code   RO           73    .text.SysTick_Delay1us  systick_delay.o
    0x0000119e   0x0000119e   0x00000002   PAD
    0x000011a0   0x000011a0   0x0000002a   Code   RO           71    .text.SysTick_Delay_Init  systick_delay.o
    0x000011ca   0x000011ca   0x00000002   PAD
    0x000011cc   0x000011cc   0x00000046   Code   RO           77    .text.SysTick_Handler  systick_delay.o
    0x00001212   0x00001212   0x00000002   PAD
    0x00001214   0x00001214   0x0000010c   Code   RO          141    .text.SystemInit    system_tm4c123.o
    0x00001320   0x00001320   0x0000002c   Code   RO            2    .text.main          main.o
    0x0000134c   0x0000134c   0x000002b8   Code   RO          162    x$fpl$ddiv          fz_wm.l(ddiv.o)
    0x00001604   0x00001604   0x0000005e   Code   RO          165    x$fpl$dfix          fz_wm.l(dfix.o)
    0x00001662   0x00001662   0x00000002   PAD
    0x00001664   0x00001664   0x00000154   Code   RO          169    x$fpl$dmul          fz_wm.l(dmul.o)
    0x000017b8   0x000017b8   0x0000009c   Code   RO          219    x$fpl$dnaninf       fz_wm.l(dnaninf.o)
    0x00001854   0x00001854   0x0000000c   Code   RO          221    x$fpl$dretinf       fz_wm.l(dretinf.o)
    0x00001860   0x00001860   0x0000001a   Code   RO          241    x$fpl$fpinit        fz_wm.l(fpinit.o)
    0x0000187a   0x0000187a   0x00000000   Code   RO          223    x$fpl$usenofp       fz_wm.l(usenofp.o)
    0x0000187a   0x0000187a   0x00000006   PAD
    0x00001880   0x00001880   0x00000008   Data   RO          102    .rodata.A4_NOTE     buzzer.o
    0x00001888   0x00001888   0x00000008   Data   RO          103    .rodata.B4_NOTE     buzzer.o
    0x00001890   0x00001890   0x00000008   Data   RO          104    .rodata.C5_NOTE     buzzer.o
    0x00001898   0x00001898   0x00000001   Data   RO           62    .rodata.EDUBASE_LED_ALL_OFF  gpio.o
    0x00001899   0x00001899   0x00000001   Data   RO           63    .rodata.EDUBASE_LED_ALL_ON  gpio.o
    0x0000189a   0x0000189a   0x00000006   PAD
    0x000018a0   0x000018a0   0x00000008   Data   RO          101    .rodata.G4_NOTE     buzzer.o
    0x000018a8   0x000018a8   0x00000001   Data   RO           60    .rodata.RGB_LED_BLUE  gpio.o
    0x000018a9   0x000018a9   0x00000001   Data   RO           61    .rodata.RGB_LED_GREEN  gpio.o
    0x000018aa   0x000018aa   0x00000001   Data   RO           58    .rodata.RGB_LED_OFF  gpio.o
    0x000018ab   0x000018ab   0x00000001   Data   RO           59    .rodata.RGB_LED_RED  gpio.o
    0x000018ac   0x000018ac   0x00000010   Data   RO          120    .rodata.number_pattern  seven_segment_display.o
    0x000018bc   0x000018bc   0x00000010   Data   RO          338    Region$$Table       anon$$obj.o


    Execution Region ER_RW (Exec base: 0x20000000, Load base: 0x000018cc, Size: 0x00000000, Max: 0xffffffff, ABSOLUTE)

    **** No section assigned to this execution region ****


    Execution Region ER_ZI (Exec base: 0x20000000, Load base: 0x000018cc, Size: 0x00000370, Max: 0xffffffff, ABSOLUTE)

    Exec Addr    Load Addr    Size         Type   Attr      Idx    E Section Name        Object

    0x20000000        -       0x000000e4   Zero   RW          154    .bss                c_w.l(rand.o)
    0x200000e4        -       0x00000060   Zero   RW          262    .bss                c_w.l(libspace.o)
    0x20000144        -       0x00000004   Zero   RW           30    .bss.index1         main.o
    0x20000148        -       0x00000004   Zero   RW           32    .bss.index2         main.o
    0x2000014c        -       0x00000004   Zero   RW           34    .bss.index3         main.o
    0x20000150        -       0x00000001   Zero   RW           29    .bss.level          main.o
    0x20000151        -       0x00000002   Zero   RW           26    .bss.lv1array       main.o
    0x20000153        -       0x00000002   Zero   RW           31    .bss.lv1playerarr   main.o
    0x20000155        -       0x00000003   Zero   RW           27    .bss.lv2array       main.o
    0x20000158        -       0x00000003   Zero   RW           33    .bss.lv2playerarr   main.o
    0x2000015b        -       0x00000004   Zero   RW           28    .bss.lv3array       main.o
    0x2000015f        -       0x00000004   Zero   RW           35    .bss.lv3playerarr   main.o
    0x20000163        -       0x00000001   Zero   RW           81    .bss.ms_active      systick_delay.o
    0x20000164        -       0x00000004   Zero   RW           80    .bss.ms_elapsed     systick_delay.o
    0x20000168        -       0x00000004   Zero   RW           79    .bss.us_elapsed     systick_delay.o
    0x2000016c   0x000018cc   0x00000004   PAD
    0x20000170        -       0x00000000   Zero   RW          128    HEAP                startup_tm4c123.o
    0x20000170        -       0x00000200   Zero   RW          127    STACK               startup_tm4c123.o


==============================================================================

Image component sizes


      Code (inc. data)   RO Data    RW Data    ZI Data      Debug   Object Name

       242         16         32          0          0       6297   buzzer.o
       322          0          6          0          0       6489   gpio.o
      2026         12          0          0         31       3977   main.o
       510          0         16          0          0       6581   seven_segment_display.o
       276         24        620          0        512       5492   startup_tm4c123.o
       268          0          0          0          0       6756   system_tm4c123.o
       230          0          0          0          9       1307   systick_delay.o

    ----------------------------------------------------------------------
      3904         52        696          0        556      36899   Object Totals
         0          0         16          0          0          0   (incl. Generated)
        30          0          6          0          4          0   (incl. Padding)

    ----------------------------------------------------------------------

      Code (inc. data)   RO Data    RW Data    ZI Data      Debug   Library Member Name

         8          0          0          0          0         68   __main.o
         0          0          0          0          0          0   __rtentry.o
        12          0          0          0          0          0   __rtentry2.o
         6          0          0          0          0          0   __rtentry4.o
        94          8          0          0          0          0   __scatter.o
        28          0          0          0          0          0   __scatter_zi.o
        18          0          0          0          0         80   exit.o
         6          0          0          0          0        152   heapauxi.o
         0          0          0          0          0          0   indicate_semi.o
         2          0          0          0          0          0   libinit.o
        10          0          0          0          0          0   libinit2.o
         2          0          0          0          0          0   libshutdown.o
         2          0          0          0          0          0   libshutdown2.o
         8          4          0          0         96         68   libspace.o
       112         18          0          0        228        160   rand.o
         2          0          0          0          0          0   rtexit.o
        10          0          0          0          0          0   rtexit2.o
        12          4          0          0          0         68   sys_exit.o
        74          0          0          0          0         80   sys_stackheap_outer.o
         2          0          0          0          0         68   use_no_semi.o
       696        140          0          0          0        264   ddiv.o
        94          4          0          0          0        140   dfix.o
       340         12          0          0          0        152   dmul.o
       156          4          0          0          0        140   dnaninf.o
        12          0          0          0          0        116   dretinf.o
        26          0          0          0          0        116   fpinit.o
         0          0          0          0          0          0   usenofp.o

    ----------------------------------------------------------------------
      1748        194          0          0        324       1672   Library Totals
        16          0          0          0          0          0   (incl. Padding)

    ----------------------------------------------------------------------

      Code (inc. data)   RO Data    RW Data    ZI Data      Debug   Library Name

       408         34          0          0        324        744   c_w.l
      1324        160          0          0          0        928   fz_wm.l

    ----------------------------------------------------------------------
      1748        194          0          0        324       1672   Library Totals

    ----------------------------------------------------------------------

==============================================================================


      Code (inc. data)   RO Data    RW Data    ZI Data      Debug   

      5652        246        696          0        880      37711   Grand Totals
      5652        246        696          0        880      37711   ELF Image Totals
      5652        246        696          0          0          0   ROM Totals

==============================================================================

    Total RO  Size (Code + RO Data)                 6348 (   6.20kB)
    Total RW  Size (RW Data + ZI Data)               880 (   0.86kB)
    Total ROM Size (Code + RO Data + RW Data)       6348 (   6.20kB)

==============================================================================

